Component: ARM Compiler 5.06 update 6 (build 750) Tool: armlink [4d35ed]

==============================================================================

Section Cross References

    startup_stm32f103xe.o(STACK) refers (Special) to heapauxi.o(.text) for __use_two_region_memory
    startup_stm32f103xe.o(HEAP) refers (Special) to heapauxi.o(.text) for __use_two_region_memory
    startup_stm32f103xe.o(RESET) refers (Special) to heapauxi.o(.text) for __use_two_region_memory
    startup_stm32f103xe.o(RESET) refers to startup_stm32f103xe.o(STACK) for __initial_sp
    startup_stm32f103xe.o(RESET) refers to startup_stm32f103xe.o(.text) for Reset_Handler
    startup_stm32f103xe.o(RESET) refers to stm32f1xx_it.o(i.NMI_Handler) for NMI_Handler
    startup_stm32f103xe.o(RESET) refers to stm32f1xx_it.o(i.HardFault_Handler) for HardFault_Handler
    startup_stm32f103xe.o(RESET) refers to stm32f1xx_it.o(i.MemManage_Handler) for MemManage_Handler
    startup_stm32f103xe.o(RESET) refers to stm32f1xx_it.o(i.BusFault_Handler) for BusFault_Handler
    startup_stm32f103xe.o(RESET) refers to stm32f1xx_it.o(i.UsageFault_Handler) for UsageFault_Handler
    startup_stm32f103xe.o(RESET) refers to port.o(.emb_text) for SVC_Handler
    startup_stm32f103xe.o(RESET) refers to stm32f1xx_it.o(i.DebugMon_Handler) for DebugMon_Handler
    startup_stm32f103xe.o(RESET) refers to delay.o(i.SysTick_Handler) for SysTick_Handler
    startup_stm32f103xe.o(RESET) refers to adc.o(i.DMA1_Channel1_IRQHandler) for DMA1_Channel1_IRQHandler
    startup_stm32f103xe.o(RESET) refers to usart.o(i.USART1_IRQHandler) for USART1_IRQHandler
    startup_stm32f103xe.o(RESET) refers to atk_mw8266d_uart.o(i.USART2_IRQHandler) for USART2_IRQHandler
    startup_stm32f103xe.o(RESET) refers to btim.o(i.TIM6_IRQHandler) for TIM6_IRQHandler
    startup_stm32f103xe.o(.text) refers (Special) to heapauxi.o(.text) for __use_two_region_memory
    startup_stm32f103xe.o(.text) refers to system_stm32f1xx.o(i.SystemInit) for SystemInit
    startup_stm32f103xe.o(.text) refers to __main.o(!!!main) for __main
    startup_stm32f103xe.o(.text) refers to startup_stm32f103xe.o(HEAP) for Heap_Mem
    startup_stm32f103xe.o(.text) refers to startup_stm32f103xe.o(STACK) for Stack_Mem
    main.o(i.main) refers to stm32f1xx_hal.o(i.HAL_Init) for HAL_Init
    main.o(i.main) refers to sys.o(i.sys_stm32_clock_init) for sys_stm32_clock_init
    main.o(i.main) refers to delay.o(i.delay_init) for delay_init
    main.o(i.main) refers to usart.o(i.usart_init) for usart_init
    main.o(i.main) refers to atk_mw8266d_uart.o(i.atk_mw8266d_uart_init) for atk_mw8266d_uart_init
    main.o(i.main) refers to led.o(i.led_init) for led_init
    main.o(i.main) refers to lcd.o(i.lcd_init) for lcd_init
    main.o(i.main) refers to key.o(i.key_init) for key_init
    main.o(i.main) refers to malloc_1.o(i.my_mem_init) for my_mem_init
    main.o(i.main) refers to demo.o(i.demo_run) for demo_run
    system_stm32f1xx.o(i.SystemCoreClockUpdate) refers to system_stm32f1xx.o(.data) for SystemCoreClock
    system_stm32f1xx.o(i.SystemCoreClockUpdate) refers to system_stm32f1xx.o(.constdata) for AHBPrescTable
    freertos_tasks.o(i.Read_DHT11_Data) refers to _printf_percent.o(.ARM.Collect$$_printf_percent$$00000000) for _printf_percent
    freertos_tasks.o(i.Read_DHT11_Data) refers to _printf_d.o(.ARM.Collect$$_printf_percent$$00000009) for _printf_d
    freertos_tasks.o(i.Read_DHT11_Data) refers to _printf_dec.o(.text) for _printf_int_dec
    freertos_tasks.o(i.Read_DHT11_Data) refers to delay.o(i.delay_ms) for delay_ms
    freertos_tasks.o(i.Read_DHT11_Data) refers to dht11.o(i.DHT11_REC_Data) for DHT11_REC_Data
    freertos_tasks.o(i.Read_DHT11_Data) refers to __2printf.o(.text) for __2printf
    freertos_tasks.o(i.Read_DHT11_Data) refers to tasks.o(i.vTaskDelay) for vTaskDelay
    freertos_tasks.o(i.Read_DHT11_Data) refers to dht11.o(.bss) for rec_data
    freertos_tasks.o(i.freertos_tasks) refers to tasks.o(i.xTaskCreate) for xTaskCreate
    freertos_tasks.o(i.freertos_tasks) refers to tasks.o(i.vTaskStartScheduler) for vTaskStartScheduler
    freertos_tasks.o(i.freertos_tasks) refers to freertos_tasks.o(.data) for StartTask_Handler
    freertos_tasks.o(i.freertos_tasks) refers to freertos_tasks.o(i.start_task) for start_task
    freertos_tasks.o(i.start_task) refers to port.o(i.vPortEnterCritical) for vPortEnterCritical
    freertos_tasks.o(i.start_task) refers to tasks.o(i.xTaskCreate) for xTaskCreate
    freertos_tasks.o(i.start_task) refers to tasks.o(i.vTaskDelete) for vTaskDelete
    freertos_tasks.o(i.start_task) refers to port.o(i.vPortExitCritical) for vPortExitCritical
    freertos_tasks.o(i.start_task) refers to freertos_tasks.o(.data) for Read_DHT11_DataTask_Handler
    freertos_tasks.o(i.start_task) refers to freertos_tasks.o(i.Read_DHT11_Data) for Read_DHT11_Data
    freertos_tasks.o(i.start_task) refers to freertos_tasks.o(i.task2) for task2
[...]
    maptable                                 0x0800ac60   Data          17  __printf_flags_ss_wp.o(.constdata)
    .constdata                               0x0800ac74   Section        8  _printf_wctomb.o(.constdata)
    initial_mbstate                          0x0800ac74   Data           8  _printf_wctomb.o(.constdata)
    .constdata                               0x0800ac7c   Section       38  _printf_fp_hex.o(.constdata)
    lc_hextab                                0x0800ac7c   Data          19  _printf_fp_hex.o(.constdata)
    uc_hextab                                0x0800ac8f   Data          19  _printf_fp_hex.o(.constdata)
    .constdata                               0x0800aca4   Section      148  bigflt0.o(.constdata)
    tenpwrs_x                                0x0800aca4   Data          60  bigflt0.o(.constdata)
    tenpwrs_i                                0x0800ace0   Data          64  bigflt0.o(.constdata)
    locale$$data                             0x0800ad58   Section       28  lc_numeric_c.o(locale$$data)
    __lcnum_c_name                           0x0800ad5c   Data           2  lc_numeric_c.o(locale$$data)
    __lcnum_c_start                          0x0800ad64   Data           0  lc_numeric_c.o(locale$$data)
    __lcnum_c_point                          0x0800ad70   Data           0  lc_numeric_c.o(locale$$data)
    __lcnum_c_thousands                      0x0800ad72   Data           0  lc_numeric_c.o(locale$$data)
    __lcnum_c_grouping                       0x0800ad73   Data           0  lc_numeric_c.o(locale$$data)
    locale$$data                             0x0800ad74   Section      272  lc_ctype_c.o(locale$$data)
    __lcnum_c_end                            0x0800ad74   Data           0  lc_numeric_c.o(locale$$data)
    __lcctype_c_name                         0x0800ad78   Data           2  lc_ctype_c.o(locale$$data)
    __lcctype_c_start                        0x0800ad80   Data           0  lc_ctype_c.o(locale$$data)
    __lcctype_c_end                          0x0800ae84   Data           0  lc_ctype_c.o(locale$$data)
    .data                                    0x20000000   Section        4  system_stm32f1xx.o(.data)
    .data                                    0x20000004   Section        2  delay.o(.data)
    g_fac_us                                 0x20000004   Data           2  delay.o(.data)
    .data                                    0x20000008   Section        7  usart.o(.data)
    .data                                    0x20000010   Section        9  stm32f1xx_hal.o(.data)
    .data                                    0x2000001c   Section        8  lcd.o(.data)
    .data                                    0x20000024   Section        1  adc.o(.data)
    .data                                    0x20000028   Section       28  malloc_1.o(.data)
    .data                                    0x20000044   Section       64  tasks.o(.data)
    pxDelayedTaskList                        0x20000048   Data           4  tasks.o(.data)
    pxOverflowDelayedTaskList                0x2000004c   Data           4  tasks.o(.data)
    uxDeletedTasksWaitingCleanUp             0x20000050   Data           4  tasks.o(.data)
    uxCurrentNumberOfTasks                   0x20000054   Data           4  tasks.o(.data)
    xTickCount                               0x20000058   Data           4  tasks.o(.data)
    uxTopReadyPriority                       0x2000005c   Data           4  tasks.o(.data)
    xSchedulerRunning                        0x20000060   Data           4  tasks.o(.data)
    xPendedTicks                             0x20000064   Data           4  tasks.o(.data)
    xYieldPending                            0x20000068   Data           4  tasks.o(.data)
    xNumOfOverflows                          0x2000006c   Data           4  tasks.o(.data)
    uxTaskNumber                             0x20000070   Data           4  tasks.o(.data)
    xNextTaskUnblockTime                     0x20000074   Data           4  tasks.o(.data)
    xIdleTaskHandle                          0x20000078   Data           4  tasks.o(.data)
    uxSchedulerSuspended                     0x20000080   Data           4  tasks.o(.data)
    .bss                                     0x20000084   Section      264  usart.o(.bss)
    .bss                                     0x2000018c   Section       86  lcd.o(.bss)
    .bss                                     0x200001e4   Section       72  btim.o(.bss)
    .bss                                     0x2000022c   Section     2466  atk_mw8266d_uart.o(.bss)
    g_uart_rx_frame                          0x2000071c   Data         602  atk_mw8266d_uart.o(.bss)
    g_uart_tx_buf                            0x20000976   Data         600  atk_mw8266d_uart.o(.bss)
    .bss                                     0x20000c00   Section    32640  malloc_1.o(.bss)
    mem1base                                 0x20000c00   Data       30720  malloc_1.o(.bss)
    mem1mapbase                              0x20008400   Data        1920  malloc_1.o(.bss)
    .bss                                     0x20008b80   Section      740  tasks.o(.bss)
    pxReadyTasksLists                        0x20008b80   Data         640  tasks.o(.bss)
    xDelayedTaskList1                        0x20008e00   Data          20  tasks.o(.bss)
    xDelayedTaskList2                        0x20008e14   Data          20  tasks.o(.bss)
    xPendingReadyList                        0x20008e28   Data          20  tasks.o(.bss)
    xTasksWaitingTermination                 0x20008e3c   Data          20  tasks.o(.bss)
    xSuspendedTaskList                       0x20008e50   Data          20  tasks.o(.bss)
    .bss                                     0x20008e64   Section       96  libspace.o(.bss)
    HEAP                                     0x20008ec8   Section      512  startup_stm32f103xe.o(HEAP)
    Heap_Mem                                 0x20008ec8   Data         512  startup_stm32f103xe.o(HEAP)
    STACK                                    0x200090c8   Section     1024  startup_stm32f103xe.o(STACK)
    Stack_Mem                                0x200090c8   Data        1024  startup_stm32f103xe.o(STACK)
    __initial_sp                             0x200094c8   Data           0  startup_stm32f103xe.o(STACK)
    .ARM.__AT_0x68000000                     0x68000000   Section       32  malloc_1.o(.ARM.__AT_0x68000000)
    mem2base                                 0x68000000   Data          32  malloc_1.o(.ARM.__AT_0x68000000)
    .ARM.__AT_0x68000020                     0x68000020   Section        2  malloc_1.o(.ARM.__AT_0x68000020)
    mem2mapbase                              0x68000020   Data           2  malloc_1.o(.ARM.__AT_0x68000020)

    Global Symbols

    Symbol Name                              Value     Ov Type        Size  Object(Section)

    BuildAttributes$$THM_ISAv4$P$D$K$B$S$PE$A:L22UL41UL21$X:L11$S22US41US21$IEEE1$IW$USESV6$~STKCKD$USESV7$~SHL$OTIME$ROPI$IEEEJ$EBA8$UX$STANDARDLIB$REQ8$PRES8$EABIv2 0x00000000   Number         0  anon$$obj.o ABSOLUTE
    __ARM_use_no_argv                        0x00000000   Number         0  main.o ABSOLUTE
    _printf_flags                            0x00000000   Number         0  printf_stubs.o ABSOLUTE
    _printf_return_value                     0x00000000   Number         0  printf_stubs.o ABSOLUTE
    _printf_sizespec                         0x00000000   Number         0  printf_stubs.o ABSOLUTE
    _printf_widthprec                        0x00000000   Number         0  printf_stubs.o ABSOLUTE
    __ARM_exceptions_init                     - Undefined Weak Reference
    __alloca_initialize                       - Undefined Weak Reference
    __arm_preinit_                            - Undefined Weak Reference
    __cpp_initialize__aeabi_                  - Undefined Weak Reference
    __cxa_finalize                            - Undefined Weak Reference
    __sigvec_lookup                           - Undefined Weak Reference
    __user_heap_extent                        - Undefined Weak Reference
    _atexit_init                              - Undefined Weak Reference
    _call_atexit_fns                          - Undefined Weak Reference
    _clock_init                               - Undefined Weak Reference
    _fp_trap_init                             - Undefined Weak Reference
    _fp_trap_shutdown                         - Undefined Weak Reference
    _get_lc_collate                           - Undefined Weak Reference
    _get_lc_monetary                          - Undefined Weak Reference
    _get_lc_time                              - Undefined Weak Reference
    _getenv_init                              - Undefined Weak Reference
    _handle_redirection                       - Undefined Weak Reference
    _initio                                   - Undefined Weak Reference
    _mutex_acquire                            - Undefined Weak Reference
    _mutex_free                               - Undefined Weak Reference
    _mutex_release                            - Undefined Weak Reference
    _printf_mbtowc                            - Undefined Weak Reference
    _printf_wc                                - Undefined Weak Reference
    _rand_init                                - Undefined Weak Reference
    _signal_finish                            - Undefined Weak Reference
    _signal_init                              - Undefined Weak Reference
    _terminateio                              - Undefined Weak Reference
    __Vectors_Size                           0x00000130   Number         0  startup_stm32f103xe.o ABSOLUTE
    __Vectors                                0x08000000   Data           4  startup_stm32f103xe.o(RESET)
    __Vectors_End                            0x08000130   Data           0  startup_stm32f103xe.o(RESET)
    __main                                   0x08000131   Thumb Code     8  __main.o(!!!main)
    __scatterload                            0x08000139   Thumb Code     0  __scatter.o(!!!scatter)
    __scatterload_rt2                        0x08000139   Thumb Code    44  __scatter.o(!!!scatter)
    __scatterload_rt2_thumb_only             0x08000139   Thumb Code     0  __scatter.o(!!!scatter)
    __scatterload_null                       0x08000147   Thumb Code     0  __scatter.o(!!!scatter)
    __scatterload_copy                       0x0800016d   Thumb Code    26  __scatter_copy.o(!!handler_copy)
    __scatterload_zeroinit                   0x08000189   Thumb Code    28  __scatter_zi.o(!!handler_zi)
    _printf_n                                0x080001a5   Thumb Code     0  _printf_n.o(.ARM.Collect$$_printf_percent$$00000001)
    _printf_percent                          0x080001a5   Thumb Code     0  _printf_percent.o(.ARM.Collect$$_printf_percent$$00000000)
    _printf_p                                0x080001ab   Thumb Code     0  _printf_p.o(.ARM.Collect$$_printf_percent$$00000002)
    _printf_f                                0x080001b1   Thumb Code     0  _printf_f.o(.ARM.Collect$$_printf_percent$$00000003)
    _printf_e                                0x080001b7   Thumb Code     0  _printf_e.o(.ARM.Collect$$_printf_percent$$00000004)
    _printf_g                                0x080001bd   Thumb Code     0  _printf_g.o(.ARM.Collect$$_printf_percent$$00000005)
    _printf_a                                0x080001c3   Thumb Code     0  _printf_a.o(.ARM.Collect$$_printf_percent$$00000006)
    _printf_ll                               0x080001c9   Thumb Code     0  _printf_ll.o(.ARM.Collect$$_printf_percent$$00000007)
    _printf_i                                0x080001d3   Thumb Code     0  _printf_i.o(.ARM.Collect$$_printf_percent$$00000008)
    _printf_d                                0x080001d9   Thumb Code     0  _printf_d.o(.ARM.Collect$$_printf_percent$$00000009)
    _printf_u                                0x080001df   Thumb Code     0  _printf_u.o(.ARM.Collect$$_printf_percent$$0000000A)
    _printf_o                                0x080001e5   Thumb Code     0  _printf_o.o(.ARM.Collect$$_printf_percent$$0000000B)
    _printf_x                                0x080001eb   Thumb Code     0  _printf_x.o(.ARM.Collect$$_printf_percent$$0000000C)
    _printf_lli                              0x080001f1   Thumb Code     0  _printf_lli.o(.ARM.Collect$$_printf_percent$$0000000D)
    _printf_lld                              0x080001f7   Thumb Code     0  _printf_lld.o(.ARM.Collect$$_printf_percent$$0000000E)
    _printf_llu                              0x080001fd   Thumb Code     0  _printf_llu.o(.ARM.Collect$$_printf_percent$$0000000F)
    _printf_llo                              0x08000203   Thumb Code     0  _printf_llo.o(.ARM.Collect$$_printf_percent$$00000010)
    _printf_llx                              0x08000209   Thumb Code     0  _printf_llx.o(.ARM.Collect$$_printf_percent$$00000011)
    _printf_l                                0x0800020f   Thumb Code     0  _printf_l.o(.ARM.Collect$$_printf_percent$$00000012)
    _printf_c                                0x08000219   Thumb Code     0  _printf_c.o(.ARM.Collect$$_printf_percent$$00000013)
    _printf_s                                0x0800021f   Thumb Code     0  _printf_s.o(.ARM.Collect$$_printf_percent$$00000014)
    _printf_lc                               0x08000225   Thumb Code     0  _printf_lc.o(.ARM.Collect$$_printf_percent$$00000015)
    _printf_ls                               0x0800022b   Thumb Code     0  _printf_ls.o(.ARM.Collect$$_printf_percent$$00000016)
    _printf_percent_end                      0x08000231   Thumb Code     0  _printf_percent_end.o(.ARM.Collect$$_printf_percent$$00000017)
    __rt_lib_init                            0x08000235   Thumb Code     0  libinit.o(.ARM.Collect$$libinit$$00000000)
    __rt_lib_init_fp_1                       0x08000237   Thumb Code     0  libinit2.o(.ARM.Collect$$libinit$$00000002)
    __rt_lib_init_heap_1                     0x08000237   Thumb Code     0  libinit2.o(.ARM.Collect$$libinit$$0000000A)
    __rt_lib_init_lc_common                  0x08000237   Thumb Code     0  libinit2.o(.ARM.Collect$$libinit$$0000000F)
    __rt_lib_init_preinit_1                  0x08000237   Thumb Code     0  libinit2.o(.ARM.Collect$$libinit$$00000004)
    __rt_lib_init_rand_1                     0x08000237   Thumb Code     0  libinit2.o(.ARM.Collect$$libinit$$0000000E)
    __rt_lib_init_user_alloc_1               0x08000237   Thumb Code     0  libinit2.o(.ARM.Collect$$libinit$$0000000C)
    __rt_lib_init_lc_collate_1               0x0800023d   Thumb Code     0  libinit2.o(.ARM.Collect$$libinit$$00000011)
    __rt_lib_init_lc_ctype_2                 0x0800023d   Thumb Code     0  libinit2.o(.ARM.Collect$$libinit$$00000012)
    __rt_lib_init_lc_ctype_1                 0x08000249   Thumb Code     0  libinit2.o(.ARM.Collect$$libinit$$00000013)
    __rt_lib_init_lc_monetary_1              0x08000249   Thumb Code     0  libinit2.o(.ARM.Collect$$libinit$$00000015)
    __rt_lib_init_lc_numeric_2               0x08000249   Thumb Code     0  libinit2.o(.ARM.Collect$$libinit$$00000016)
    __rt_lib_init_alloca_1                   0x08000253   Thumb Code     0  libinit2.o(.ARM.Collect$$libinit$$0000002E)
    __rt_lib_init_argv_1                     0x08000253   Thumb Code     0  libinit2.o(.ARM.Collect$$libinit$$0000002C)
    __rt_lib_init_atexit_1                   0x08000253   Thumb Code     0  libinit2.o(.ARM.Collect$$libinit$$0000001B)
    __rt_lib_init_clock_1                    0x08000253   Thumb Code     0  libinit2.o(.ARM.Collect$$libinit$$00000021)
    __rt_lib_init_cpp_1                      0x08000253   Thumb Code     0  libinit2.o(.ARM.Collect$$libinit$$00000032)
    __rt_lib_init_exceptions_1               0x08000253   Thumb Code     0  libinit2.o(.ARM.Collect$$libinit$$00000030)
    __rt_lib_init_fp_trap_1                  0x08000253   Thumb Code     0  libinit2.o(.ARM.Collect$$libinit$$0000001F)
    __rt_lib_init_getenv_1                   0x08000253   Thumb Code     0  libinit2.o(.ARM.Collect$$libinit$$00000023)
    __rt_lib_init_lc_numeric_1               0x08000253   Thumb Code     0  libinit2.o(.ARM.Collect$$libinit$$00000017)
    __rt_lib_init_lc_time_1                  0x08000253   Thumb Code     0  libinit2.o(.ARM.Collect$$libinit$$00000019)
    __rt_lib_init_return                     0x08000253   Thumb Code     0  libinit2.o(.ARM.Collect$$libinit$$00000033)
    __rt_lib_init_signal_1                   0x08000253   Thumb Code     0  libinit2.o(.ARM.Collect$$libinit$$0000001D)
    __rt_lib_init_stdio_1                    0x08000253   Thumb Code     0  libinit2.o(.ARM.Collect$$libinit$$00000025)
    __rt_lib_shutdown                        0x08000255   Thumb Code     0  libshutdown.o(.ARM.Collect$$libshutdown$$00000000)
    __rt_lib_shutdown_cpp_1                  0x08000257   Thumb Code     0  libshutdown2.o(.ARM.Collect$$libshutdown$$00000002)
    __rt_lib_shutdown_fp_trap_1              0x08000257   Thumb Code     0  libshutdown2.o(.ARM.Collect$$libshutdown$$00000007)
    __rt_lib_shutdown_heap_1                 0x08000257   Thumb Code     0  libshutdown2.o(.ARM.Collect$$libshutdown$$0000000F)
    __rt_lib_shutdown_return                 0x08000257   Thumb Code     0  libshutdown2.o(.ARM.Collect$$libshutdown$$00000010)
    __rt_lib_shutdown_signal_1               0x08000257   Thumb Code     0  libshutdown2.o(.ARM.Collect$$libshutdown$$0000000A)
    __rt_lib_shutdown_stdio_1                0x08000257   Thumb Code     0  libshutdown2.o(.ARM.Collect$$libshutdown$$00000004)
    __rt_lib_shutdown_user_alloc_1           0x08000257   Thumb Code     0  libshutdown2.o(.ARM.Collect$$libshutdown$$0000000C)
    __rt_entry                               0x08000259   Thumb Code     0  __rtentry.o(.ARM.Collect$$rtentry$$00000000)
    __rt_entry_presh_1                       0x08000259   Thumb Code     0  __rtentry2.o(.ARM.Collect$$rtentry$$00000002)
    __rt_entry_sh                            0x08000259   Thumb Code     0  __rtentry4.o(.ARM.Collect$$rtentry$$00000004)
    __rt_entry_li                            0x0800025f   Thumb Code     0  __rtentry2.o(.ARM.Collect$$rtentry$$0000000A)
    __rt_entry_postsh_1                      0x0800025f   Thumb Code     0  __rtentry2.o(.ARM.Collect$$rtentry$$00000009)
    __rt_entry_main                          0x08000263   Thumb Code     0  __rtentry2.o(.ARM.Collect$$rtentry$$0000000D)
    __rt_entry_postli_1                      0x08000263   Thumb Code     0  __rtentry2.o(.ARM.Collect$$rtentry$$0000000C)
    __rt_exit                                0x0800026b   Thumb Code     0  rtexit.o(.ARM.Collect$$rtexit$$00000000)
    __rt_exit_ls                             0x0800026d   Thumb Code     0  rtexit2.o(.ARM.Collect$$rtexit$$00000003)
    __rt_exit_prels_1                        0x0800026d   Thumb Code     0  rtexit2.o(.ARM.Collect$$rtexit$$00000002)
    __rt_exit_exit                           0x08000271   Thumb Code     0  rtexit2.o(.ARM.Collect$$rtexit$$00000004)
    SVC_Handler                              0x08000279   Thumb Code    32  port.o(.emb_text)
    __asm___6_port_c_39a90d8d__prvStartFirstTask 0x0800029d   Thumb Code    28  port.o(.emb_text)
    PendSV_Handler                           0x080002bd   Thumb Code    72  port.o(.emb_text)
    vPortGetIPSR                             0x08000309   Thumb Code     6  port.o(.emb_text)
    Reset_Handler                            0x08000311   Thumb Code     8  startup_stm32f103xe.o(.text)
    ADC1_2_IRQHandler                        0x0800032b   Thumb Code     0  startup_stm32f103xe.o(.text)
    ADC3_IRQHandler                          0x0800032b   Thumb Code     0  startup_stm32f103xe.o(.text)
    CAN1_RX1_IRQHandler                      0x0800032b   Thumb Code     0  startup_stm32f103xe.o(.text)
    CAN1_SCE_IRQHandler                      0x0800032b   Thumb Code     0  startup_stm32f103xe.o(.text)
    DMA1_Channel2_IRQHandler                 0x0800032b   Thumb Code     0  startup_stm32f103xe.o(.text)
    DMA1_Channel3_IRQHandler                 0x0800032b   Thumb Code     0  startup_stm32f103xe.o(.text)
    DMA1_Channel4_IRQHandler                 0x0800032b   Thumb Code     0  startup_stm32f103xe.o(.text)
    DMA1_Channel5_IRQHandler                 0x0800032b   Thumb Code     0  startup_stm32f103xe.o(.text)
    DMA1_Channel6_IRQHandler                 0x0800032b   Thumb Code     0  startup_stm32f103xe.o(.text)
    DMA1_Channel7_IRQHandler                 0x0800032b   Thumb Code     0  startup_stm32f103xe.o(.text)
    DMA2_Channel1_IRQHandler                 0x0800032b   Thumb Code     0  startup_stm32f103xe.o(.text)
    DMA2_Channel2_IRQHandler                 0x0800032b   Thumb Code     0  startup_stm32f103xe.o(.text)
    DMA2_Channel3_IRQHandler                 0x0800032b   Thumb Code     0  startup_stm32f103xe.o(.text)
    DMA2_Channel4_5_IRQHandler               0x0800032b   Thumb Code     0  startup_stm32f103xe.o(.text)
    EXTI0_IRQHandler                         0x0800032b   Thumb Code     0  startup_stm32f103xe.o(.text)
    EXTI15_10_IRQHandler                     0x0800032b   Thumb Code     0  startup_stm32f103xe.o(.text)
    EXTI1_IRQHandler                         0x0800032b   Thumb Code     0  startup_stm32f103xe.o(.text)
    EXTI2_IRQHandler                         0x0800032b   Thumb Code     0  startup_stm32f103xe.o(.text)
    EXTI3_IRQHandler                         0x0800032b   Thumb Code     0  startup_stm32f103xe.o(.text)
    EXTI4_IRQHandler                         0x0800032b   Thumb Code     0  startup_stm32f103xe.o(.text)
    EXTI9_5_IRQHandler                       0x0800032b   Thumb Code     0  startup_stm32f103xe.o(.text)
    FLASH_IRQHandler                         0x0800032b   Thumb Code     0  startup_stm32f103xe.o(.text)
    FSMC_IRQHandler                          0x0800032b   Thumb Code     0  startup_stm32f103xe.o(.text)
    I2C1_ER_IRQHandler                       0x0800032b   Thumb Code     0  startup_stm32f103xe.o(.text)
    I2C1_EV_IRQHandler                       0x0800032b   Thumb Code     0  startup_stm32f103xe.o(.text)
    I2C2_ER_IRQHandler                       0x0800032b   Thumb Code     0  startup_stm32f103xe.o(.text)
    I2C2_EV_IRQHandler                       0x0800032b   Thumb Code     0  startup_stm32f103xe.o(.text)
    PVD_IRQHandler                           0x0800032b   Thumb Code     0  startup_stm32f103xe.o(.text)
    RCC_IRQHandler                           0x0800032b   Thumb Code     0  startup_stm32f103xe.o(.text)
    RTC_Alarm_IRQHandler                     0x0800032b   Thumb Code     0  startup_stm32f103xe.o(.text)
    RTC_IRQHandler                           0x0800032b   Thumb Code     0  startup_stm32f103xe.o(.text)
    SDIO_IRQHandler                          0x0800032b   Thumb Code     0  startup_stm32f103xe.o(.text)
    SPI1_IRQHandler                          0x0800032b   Thumb Code     0  startup_stm32f103xe.o(.text)
    SPI2_IRQHandler                          0x0800032b   Thumb Code     0  startup_stm32f103xe.o(.text)
    SPI3_IRQHandler                          0x0800032b   Thumb Code     0  startup_stm32f103xe.o(.text)
    TAMPER_IRQHandler                        0x0800032b   Thumb Code     0  startup_stm32f103xe.o(.text)
    TIM1_BRK_IRQHandler                      0x0800032b   Thumb Code     0  startup_stm32f103xe.o(.text)
    TIM1_CC_IRQHandler                       0x0800032b   Thumb Code     0  startup_stm32f103xe.o(.text)
    TIM1_TRG_COM_IRQHandler                  0x0800032b   Thumb Code     0  startup_stm32f103xe.o(.text)
    TIM1_UP_IRQHandler                       0x0800032b   Thumb Code     0  startup_stm32f103xe.o(.text)
    TIM2_IRQHandler                          0x0800032b   Thumb Code     0  startup_stm32f103xe.o(.text)
    TIM3_IRQHandler                          0x0800032b   Thumb Code     0  startup_stm32f103xe.o(.text)
    TIM4_IRQHandler                          0x0800032b   Thumb Code     0  startup_stm32f103xe.o(.text)
    TIM5_IRQHandler                          0x0800032b   Thumb Code     0  startup_stm32f103xe.o(.text)
    TIM7_IRQHandler                          0x0800032b   Thumb Code     0  startup_stm32f103xe.o(.text)
    TIM8_BRK_IRQHandler                      0x0800032b   Thumb Code     0  startup_stm32f103xe.o(.text)
    TIM8_CC_IRQHandler                       0x0800032b   Thumb Code     0  startup_stm32f103xe.o(.text)
    TIM8_TRG_COM_IRQHandler                  0x0800032b   Thumb Code     0  startup_stm32f103xe.o(.text)
    TIM8_UP_IRQHandler                       0x0800032b   Thumb Code     0  startup_stm32f103xe.o(.text)
    UART4_IRQHandler                         0x0800032b   Thumb Code     0  startup_stm32f103xe.o(.text)
    UART5_IRQHandler                         0x0800032b   Thumb Code     0  startup_stm32f103xe.o(.text)
    USART3_IRQHandler                        0x0800032b   Thumb Code     0  startup_stm32f103xe.o(.text)
    USBWakeUp_IRQHandler                     0x0800032b   Thumb Code     0  startup_stm32f103xe.o(.text)
    USB_HP_CAN1_TX_IRQHandler                0x0800032b   Thumb Code     0  startup_stm32f103xe.o(.text)
    USB_LP_CAN1_RX0_IRQHandler               0x0800032b   Thumb Code     0  startup_stm32f103xe.o(.text)
    WWDG_IRQHandler                          0x0800032b   Thumb Code     0  startup_stm32f103xe.o(.text)
    __user_initial_stackheap                 0x0800032d   Thumb Code     0  startup_stm32f103xe.o(.text)
    __use_no_semihosting                     0x08000351   Thumb Code     2  use_no_semi_2.o(.text)
    vsnprintf                                0x08000355   Thumb Code    48  vsnprintf.o(.text)
    __2printf                                0x08000389   Thumb Code    20  __2printf.o(.text)
    __2sprintf                               0x080003a1   Thumb Code    38  __2sprintf.o(.text)
    _printf_str                              0x080003cd   Thumb Code    82  _printf_str.o(.text)
    _printf_int_dec                          0x08000421   Thumb Code   104  _printf_dec.o(.text)
    _printf_longlong_hex                     0x08000499   Thumb Code    86  _printf_hex_int_ll_ptr.o(.text)
    _printf_int_hex                          0x080004ef   Thumb Code    28  _printf_hex_int_ll_ptr.o(.text)
    _printf_ll_hex                           0x0800050b   Thumb Code    12  _printf_hex_int_ll_ptr.o(.text)
    _printf_hex_ptr                          0x08000517   Thumb Code    18  _printf_hex_int_ll_ptr.o(.text)
    __printf                                 0x0800052d   Thumb Code   388  __printf_flags_ss_wp.o(.text)
    strstr                                   0x080006b5   Thumb Code    36  strstr.o(.text)
    __aeabi_memcpy4                          0x080006d9   Thumb Code     0  rt_memcpy_w.o(.text)
    __aeabi_memcpy8                          0x080006d9   Thumb Code     0  rt_memcpy_w.o(.text)
    __rt_memcpy_w                            0x080006d9   Thumb Code   100  rt_memcpy_w.o(.text)
    _memcpy_lastbytes_aligned                0x08000721   Thumb Code     0  rt_memcpy_w.o(.text)
    __use_two_region_memory                  0x0800073d   Thumb Code     2  heapauxi.o(.text)
    __rt_heap_escrow                         0x0800073f   Thumb Code     2  heapauxi.o(.text)
    __rt_heap_expand                         0x08000741   Thumb Code     2  heapauxi.o(.text)
    __semihosting$guard                      0x08000743   Thumb Code     0  use_no_semi.o(.text)
    __use_no_semihosting_swi                 0x08000743   Thumb Code     2  use_no_semi.o(.text)
    _printf_pre_padding                      0x08000745   Thumb Code    44  _printf_pad.o(.text)
    _printf_post_padding                     0x08000771   Thumb Code    34  _printf_pad.o(.text)
    _printf_truncate_signed                  0x08000793   Thumb Code    18  _printf_truncate.o(.text)
    _printf_truncate_unsigned                0x080007a5   Thumb Code    18  _printf_truncate.o(.text)
    _printf_int_common                       0x080007b7   Thumb Code   178  _printf_intcommon.o(.text)
    _printf_charcount                        0x08000869   Thumb Code    40  _printf_charcount.o(.text)
    _printf_char_common                      0x0800089b   Thumb Code    32  _printf_char_common.o(.text)
    _sputc                                   0x080008c1   Thumb Code    10  _sputc.o(.text)
    _snputc                                  0x080008cb   Thumb Code    16  _snputc.o(.text)
    _printf_cs_common                        0x080008db   Thumb Code    20  _printf_char.o(.text)
    _printf_char                             0x080008ef   Thumb Code    16  _printf_char.o(.text)
    _printf_string                           0x080008ff   Thumb Code     8  _printf_char.o(.text)
    _printf_char_file                        0x08000909   Thumb Code    32  _printf_char_file.o(.text)
    _printf_wctomb                           0x0800092d   Thumb Code   182  _printf_wctomb.o(.text)
    _printf_longlong_dec                     0x080009e9   Thumb Code   108  _printf_longlong_dec.o(.text)
    _printf_longlong_oct                     0x08000a65   Thumb Code    66  _printf_oct_int_ll.o(.text)
    _printf_int_oct                          0x08000aa7   Thumb Code    24  _printf_oct_int_ll.o(.text)
    _printf_ll_oct                           0x08000abf   Thumb Code    12  _printf_oct_int_ll.o(.text)
    __user_libspace                          0x08000ad5   Thumb Code     8  libspace.o(.text)
    __user_perproc_libspace                  0x08000ad5   Thumb Code     0  libspace.o(.text)
    __user_perthread_libspace                0x08000ad5   Thumb Code     0  libspace.o(.text)
    _ll_udiv10                               0x08000add   Thumb Code   138  lludiv10.o(.text)
    __lib_sel_fp_printf                      0x08000b67   Thumb Code     2  _printf_fp_dec.o(.text)
    _printf_fp_dec_real                      0x08000d19   Thumb Code   620  _printf_fp_dec.o(.text)
    _printf_fp_hex_real                      0x08000f85   Thumb Code   756  _printf_fp_hex.o(.text)
    _printf_lcs_common                       0x08001281   Thumb Code    20  _printf_wchar.o(.text)
    _printf_wchar                            0x08001295   Thumb Code    16  _printf_wchar.o(.text)
    _printf_wstring                          0x080012a5   Thumb Code     8  _printf_wchar.o(.text)
    ferror                                   0x080012ad   Thumb Code     8  ferror.o(.text)
    _wcrtomb                                 0x080012b5   Thumb Code    64  _wcrtomb.o(.text)
    __user_setup_stackheap                   0x080012f5   Thumb Code    74  sys_stackheap_outer.o(.text)
    __rt_ctype_table                         0x08001341   Thumb Code    16  rt_ctype_table.o(.text)
    __rt_locale                              0x08001351   Thumb Code     8  rt_locale_intlibspace.o(.text)
    _printf_fp_infnan                        0x08001359   Thumb Code   112  _printf_fp_infnan.o(.text)
    _btod_etento                             0x080013d9   Thumb Code   224  bigflt0.o(.text)
    exit                                     0x080014bd   Thumb Code    18  exit.o(.text)
    strcmp                                   0x080014d1   Thumb Code   128  strcmpv7m.o(.text)
    _btod_d2e                                0x08001551   Thumb Code    62  btod.o(CL$$btod_d2e)
    _d2e_denorm_low                          0x0800158f   Thumb Code    70  btod.o(CL$$btod_d2e_denorm_low)
    _d2e_norm_op1                            0x080015d5   Thumb Code    96  btod.o(CL$$btod_d2e_norm_op1)
    __btod_div_common                        0x08001635   Thumb Code   696  btod.o(CL$$btod_div_common)
    _e2e                                     0x0800196d   Thumb Code   220  btod.o(CL$$btod_e2e)
    _btod_ediv                               0x08001a49   Thumb Code    42  btod.o(CL$$btod_ediv)
    _btod_emul                               0x08001a73   Thumb Code    42  btod.o(CL$$btod_emul)
    __btod_mult_common                       0x08001a9d   Thumb Code   580  btod.o(CL$$btod_mult_common)
    BusFault_Handler                         0x08001ce1   Thumb Code     4  stm32f1xx_it.o(i.BusFault_Handler)
    DMA1_Channel1_IRQHandler                 0x08001ce5   Thumb Code    34  adc.o(i.DMA1_Channel1_IRQHandler)
    DebugMon_Handler                         0x08001d11   Thumb Code     2  stm32f1xx_it.o(i.DebugMon_Handler)
    FSMC_NORSRAM_Extended_Timing_Init        0x08001d15   Thumb Code    62  stm32f1xx_ll_fsmc.o(i.FSMC_NORSRAM_Extended_Timing_Init)
    FSMC_NORSRAM_Init                        0x08001d59   Thumb Code   116  stm32f1xx_ll_fsmc.o(i.FSMC_NORSRAM_Init)
    FSMC_NORSRAM_Timing_Init                 0x08001dd1   Thumb Code    66  stm32f1xx_ll_fsmc.o(i.FSMC_NORSRAM_Timing_Init)
    HAL_DMA_Abort_IT                         0x08001e15   Thumb Code   414  stm32f1xx_hal_dma.o(i.HAL_DMA_Abort_IT)
    HAL_GPIO_Init                            0x08001fbd   Thumb Code   792  stm32f1xx_hal_gpio.o(i.HAL_GPIO_Init)
    HAL_GPIO_TogglePin                       0x080022fd   Thumb Code    20  stm32f1xx_hal_gpio.o(i.HAL_GPIO_TogglePin)
    HAL_GPIO_WritePin                        0x08002311   Thumb Code    12  stm32f1xx_hal_gpio.o(i.HAL_GPIO_WritePin)
    HAL_GetTick                              0x0800231d   Thumb Code     6  stm32f1xx_hal.o(i.HAL_GetTick)
    HAL_IncTick                              0x08002329   Thumb Code    16  stm32f1xx_hal.o(i.HAL_IncTick)
    HAL_Init                                 0x08002341   Thumb Code    34  stm32f1xx_hal.o(i.HAL_Init)
    HAL_InitTick                             0x08002369   Thumb Code    64  stm32f1xx_hal.o(i.HAL_InitTick)
    HAL_MspInit                              0x080023b5   Thumb Code     2  stm32f1xx_hal.o(i.HAL_MspInit)
    HAL_NVIC_EnableIRQ                       0x080023b7   Thumb Code    32  stm32f1xx_hal_cortex.o(i.HAL_NVIC_EnableIRQ)
    HAL_NVIC_SetPriority                     0x080023d7   Thumb Code   124  stm32f1xx_hal_cortex.o(i.HAL_NVIC_SetPriority)
    HAL_NVIC_SetPriorityGrouping             0x08002455   Thumb Code    32  stm32f1xx_hal_cortex.o(i.HAL_NVIC_SetPriorityGrouping)
    HAL_RCC_ClockConfig                      0x0800247d   Thumb Code   376  stm32f1xx_hal_rcc.o(i.HAL_RCC_ClockConfig)
    HAL_RCC_GetHCLKFreq                      0x08002609   Thumb Code     6  stm32f1xx_hal_rcc.o(i.HAL_RCC_GetHCLKFreq)
    HAL_RCC_GetPCLK1Freq                     0x08002615   Thumb Code    22  stm32f1xx_hal_rcc.o(i.HAL_RCC_GetPCLK1Freq)
    HAL_RCC_GetPCLK2Freq                     0x08002635   Thumb Code    22  stm32f1xx_hal_rcc.o(i.HAL_RCC_GetPCLK2Freq)
    HAL_RCC_GetSysClockFreq                  0x08002655   Thumb Code   116  stm32f1xx_hal_rcc.o(i.HAL_RCC_GetSysClockFreq)
    HAL_RCC_OscConfig                        0x080026e9   Thumb Code  1114  stm32f1xx_hal_rcc.o(i.HAL_RCC_OscConfig)
    HAL_SRAM_Init                            0x08002b4d   Thumb Code   102  stm32f1xx_hal_sram.o(i.HAL_SRAM_Init)
    HAL_SRAM_MspInit                         0x08002bb5   Thumb Code   130  lcd.o(i.HAL_SRAM_MspInit)
    HAL_SYSTICK_CLKSourceConfig              0x08002c45   Thumb Code    40  stm32f1xx_hal_cortex.o(i.HAL_SYSTICK_CLKSourceConfig)
    HAL_SYSTICK_Config                       0x08002c6d   Thumb Code    52  stm32f1xx_hal_cortex.o(i.HAL_SYSTICK_Config)
    HAL_TIMEx_BreakCallback                  0x08002ca1   Thumb Code     2  stm32f1xx_hal_tim_ex.o(i.HAL_TIMEx_BreakCallback)
    HAL_TIMEx_CommutCallback                 0x08002ca3   Thumb Code     2  stm32f1xx_hal_tim_ex.o(i.HAL_TIMEx_CommutCallback)
    HAL_TIM_IC_CaptureCallback               0x08002ca5   Thumb Code     2  stm32f1xx_hal_tim.o(i.HAL_TIM_IC_CaptureCallback)
    HAL_TIM_IRQHandler                       0x08002ca7   Thumb Code   406  stm32f1xx_hal_tim.o(i.HAL_TIM_IRQHandler)
    HAL_TIM_OC_DelayElapsedCallback          0x08002e3d   Thumb Code     2  stm32f1xx_hal_tim.o(i.HAL_TIM_OC_DelayElapsedCallback)
    HAL_TIM_PWM_PulseFinishedCallback        0x08002e3f   Thumb Code     2  stm32f1xx_hal_tim.o(i.HAL_TIM_PWM_PulseFinishedCallback)
    HAL_TIM_PeriodElapsedCallback            0x08002e41   Thumb Code    24  btim.o(i.HAL_TIM_PeriodElapsedCallback)
    HAL_TIM_TriggerCallback                  0x08002e61   Thumb Code     2  stm32f1xx_hal_tim.o(i.HAL_TIM_TriggerCallback)
    HAL_UART_ErrorCallback                   0x08002e63   Thumb Code     2  stm32f1xx_hal_uart.o(i.HAL_UART_ErrorCallback)
    HAL_UART_IRQHandler                      0x08002e65   Thumb Code   334  stm32f1xx_hal_uart.o(i.HAL_UART_IRQHandler)
    HAL_UART_Init                            0x08002fb9   Thumb Code   114  stm32f1xx_hal_uart.o(i.HAL_UART_Init)
    HAL_UART_MspInit                         0x0800302d   Thumb Code   356  usart.o(i.HAL_UART_MspInit)
    HAL_UART_Receive                         0x080031a1   Thumb Code   216  stm32f1xx_hal_uart.o(i.HAL_UART_Receive)
    HAL_UART_Receive_IT                      0x08003279   Thumb Code   112  stm32f1xx_hal_uart.o(i.HAL_UART_Receive_IT)
    HAL_UART_RxCpltCallback                  0x080032e9   Thumb Code   120  usart.o(i.HAL_UART_RxCpltCallback)
    HAL_UART_Transmit                        0x08003371   Thumb Code   210  stm32f1xx_hal_uart.o(i.HAL_UART_Transmit)
    HAL_UART_TxCpltCallback                  0x08003443   Thumb Code     2  stm32f1xx_hal_uart.o(i.HAL_UART_TxCpltCallback)
    HardFault_Handler                        0x08003445   Thumb Code     4  stm32f1xx_it.o(i.HardFault_Handler)
    MemManage_Handler                        0x08003449   Thumb Code     4  stm32f1xx_it.o(i.MemManage_Handler)
    NMI_Handler                              0x0800344d   Thumb Code     2  stm32f1xx_it.o(i.NMI_Handler)
    SysTick_Handler                          0x08003479   Thumb Code    20  delay.o(i.SysTick_Handler)
    SystemInit                               0x0800348d   Thumb Code     2  system_stm32f1xx.o(i.SystemInit)
    TIM6_IRQHandler                          0x08003491   Thumb Code    10  btim.o(i.TIM6_IRQHandler)
    USART1_IRQHandler                        0x0800375d   Thumb Code    10  usart.o(i.USART1_IRQHandler)
    USART2_IRQHandler                        0x0800376d   Thumb Code   256  atk_mw8266d_uart.o(i.USART2_IRQHandler)
    UsageFault_Handler                       0x08003875   Thumb Code     4  stm32f1xx_it.o(i.UsageFault_Handler)
    UsartPrintf                              0x08003879   Thumb Code    74  usart.o(i.UsartPrintf)
    __ARM_fpclassify                         0x080038f9   Thumb Code    40  fpclassify.o(i.__ARM_fpclassify)
    _is_digit                                0x08003959   Thumb Code    14  __printf_wp.o(i._is_digit)
    _sys_exit                                0x08003967   Thumb Code     4  usart.o(i._sys_exit)
    atk_mw8266d_at_test                      0x0800396d   Thumb Code    38  atk_mw8266d.o(i.atk_mw8266d_at_test)
    atk_mw8266d_ate_config                   0x0800399d   Thumb Code    60  atk_mw8266d.o(i.atk_mw8266d_ate_config)
    atk_mw8266d_connect_tcp_server           0x080039ed   Thumb Code    46  atk_mw8266d.o(i.atk_mw8266d_connect_tcp_server)
    atk_mw8266d_get_ip                       0x08003a41   Thumb Code    70  atk_mw8266d.o(i.atk_mw8266d_get_ip)
    atk_mw8266d_hw_reset                     0x08003ae9   Thumb Code    46  atk_mw8266d.o(i.atk_mw8266d_hw_reset)
    atk_mw8266d_init                         0x08003b1d   Thumb Code    32  atk_mw8266d.o(i.atk_mw8266d_init)
    atk_mw8266d_join_ap                      0x08003b3d   Thumb Code    46  atk_mw8266d.o(i.atk_mw8266d_join_ap)
    atk_mw8266d_restore                      0x08003b8d   Thumb Code    26  atk_mw8266d.o(i.atk_mw8266d_restore)
    atk_mw8266d_send_at_cmd                  0x08003bbd   Thumb Code   166  atk_mw8266d.o(i.atk_mw8266d_send_at_cmd)
    atk_mw8266d_set_mode                     0x08003c69   Thumb Code    82  atk_mw8266d.o(i.atk_mw8266d_set_mode)
    atk_mw8266d_sw_reset                     0x08003ce5   Thumb Code    26  atk_mw8266d.o(i.atk_mw8266d_sw_reset)
    atk_mw8266d_uart_init                    0x08003d0d   Thumb Code    38  atk_mw8266d_uart.o(i.atk_mw8266d_uart_init)
    atk_mw8266d_uart_rx_get_frame            0x08003d3d   Thumb Code    38  atk_mw8266d_uart.o(i.atk_mw8266d_uart_rx_get_frame)
    atk_mw8266d_uart_rx_restart              0x08003d69   Thumb Code    32  atk_mw8266d_uart.o(i.atk_mw8266d_uart_rx_restart)
    delay_init                               0x08003d8d   Thumb Code    74  delay.o(i.delay_init)
    delay_ms                                 0x08003ddd   Thumb Code    24  delay.o(i.delay_ms)
    delay_us                                 0x08003df5   Thumb Code    68  delay.o(i.delay_us)
    demo_run                                 0x08003e3d   Thumb Code   206  demo.o(i.demo_run)
    fputc                                    0x08003fa1   Thumb Code    24  usart.o(i.fputc)
    key_init                                 0x08003fbd   Thumb Code   172  key.o(i.key_init)
    lcd_clear                                0x08004075   Thumb Code    42  lcd.o(i.lcd_clear)
    lcd_display_dir                          0x080040a9   Thumb Code   360  lcd.o(i.lcd_display_dir)
    lcd_draw_point                           0x08004215   Thumb Code    26  lcd.o(i.lcd_draw_point)
    lcd_ex_ili9341_reginit                   0x08004235   Thumb Code   556  lcd.o(i.lcd_ex_ili9341_reginit)
    lcd_ex_ili9806_reginit                   0x08004461   Thumb Code   832  lcd.o(i.lcd_ex_ili9806_reginit)
    lcd_ex_nt35310_reginit                   0x080047a1   Thumb Code  3826  lcd.o(i.lcd_ex_nt35310_reginit)
    lcd_ex_nt35510_reginit                   0x08005693   Thumb Code  3836  lcd.o(i.lcd_ex_nt35510_reginit)
    lcd_ex_ssd1963_reginit                   0x0800658f   Thumb Code   366  lcd.o(i.lcd_ex_ssd1963_reginit)
    lcd_ex_st7789_reginit                    0x080066fd   Thumb Code   424  lcd.o(i.lcd_ex_st7789_reginit)
    lcd_ex_st7796_reginit                    0x080068a5   Thumb Code   454  lcd.o(i.lcd_ex_st7796_reginit)
    lcd_init                                 0x08006a6d   Thumb Code  1120  lcd.o(i.lcd_init)
    lcd_scan_dir                             0x08006ef9   Thumb Code   568  lcd.o(i.lcd_scan_dir)
    lcd_set_cursor                           0x08007135   Thumb Code   282  lcd.o(i.lcd_set_cursor)
    lcd_show_char                            0x08007255   Thumb Code   294  lcd.o(i.lcd_show_char)
    lcd_show_string                          0x08007395   Thumb Code   106  lcd.o(i.lcd_show_string)
    lcd_ssd_backlight_set                    0x08007401   Thumb Code    80  lcd.o(i.lcd_ssd_backlight_set)
    lcd_wr_data                              0x08007455   Thumb Code    18  lcd.o(i.lcd_wr_data)
    lcd_wr_regno                             0x0800746d   Thumb Code    18  lcd.o(i.lcd_wr_regno)
    lcd_write_ram_prepare                    0x08007485   Thumb Code    10  lcd.o(i.lcd_write_ram_prepare)
    lcd_write_reg                            0x08007499   Thumb Code    10  lcd.o(i.lcd_write_reg)
    led_init                                 0x080074a9   Thumb Code   132  led.o(i.led_init)
    main                                     0x08007539   Thumb Code    60  main.o(i.main)
    my_mem_init                              0x08007575   Thumb Code    38  malloc_1.o(i.my_mem_init)
    my_mem_perused                           0x080075a5   Thumb Code    56  malloc_1.o(i.my_mem_perused)
    my_mem_set                               0x080075e5   Thumb Code    20  malloc_1.o(i.my_mem_set)
    sys_stm32_clock_init                     0x08007629   Thumb Code    86  sys.o(i.sys_stm32_clock_init)
    usart_init                               0x08007681   Thumb Code    44  usart.o(i.usart_init)
    vTaskSwitchContext                       0x080076b9   Thumb Code   110  tasks.o(i.vTaskSwitchContext)
    xPortSysTickHandler                      0x08007771   Thumb Code    46  port.o(i.xPortSysTickHandler)
    xTaskGetSchedulerState                   0x080077a5   Thumb Code    24  tasks.o(i.xTaskGetSchedulerState)
    xTaskIncrementTick                       0x080077c5   Thumb Code   390  tasks.o(i.xTaskIncrementTick)
    _get_lc_numeric                          0x080079ad   Thumb Code    44  lc_numeric_c.o(locale$$code)
    _get_lc_ctype                            0x080079d9   Thumb Code    44  lc_ctype_c.o(locale$$code)
    __aeabi_d2uiz                            0x08007a05   Thumb Code     0  dfixu.o(x$fpl$dfixu)
    _dfixu                                   0x08007a05   Thumb Code    90  dfixu.o(x$fpl$dfixu)
    __aeabi_ui2d                             0x08007a5f   Thumb Code     0  dflt_clz.o(x$fpl$dfltu)
    _dfltu                                   0x08007a5f   Thumb Code    38  dflt_clz.o(x$fpl$dfltu)
    __aeabi_dmul                             0x08007a85   Thumb Code     0  dmul.o(x$fpl$dmul)
    _dmul                                    0x08007a85   Thumb Code   332  dmul.o(x$fpl$dmul)
    __fpl_dnaninf                            0x08007bd9   Thumb Code   156  dnaninf.o(x$fpl$dnaninf)
    __fpl_dretinf                            0x08007c75   Thumb Code    12  dretinf.o(x$fpl$dretinf)
    _printf_fp_dec                           0x08007c81   Thumb Code     4  printf1.o(x$fpl$printf1)
    _printf_fp_hex                           0x08007c85   Thumb Code     4  printf2.o(x$fpl$printf2)
    AHBPrescTable                            0x08007c88   Data          16  system_stm32f1xx.o(.constdata)
    __I$use$fp                               0x08007c88   Number         0  usenofp.o(x$fpl$usenofp)
    APBPrescTable                            0x08007c98   Data           8  system_stm32f1xx.o(.constdata)
    asc2_1206                                0x08007ca0   Data        1140  lcd.o(.constdata)
    asc2_1608                                0x08008114   Data        1520  lcd.o(.constdata)
    asc2_2412                                0x08008704   Data        3420  lcd.o(.constdata)
    asc2_3216                                0x08009460   Data        6080  lcd.o(.constdata)
    memtblsize                               0x0800ac20   Data           8  malloc_1.o(.constdata)
    memblksize                               0x0800ac28   Data           8  malloc_1.o(.constdata)
    memsize                                  0x0800ac30   Data           8  malloc_1.o(.constdata)
    Region$$Table$$Base                      0x0800ad38   Number         0  anon$$obj.o(Region$$Table)
    Region$$Table$$Limit                     0x0800ad58   Number         0  anon$$obj.o(Region$$Table)
    __ctype                                  0x0800ad81   Data           0  lc_ctype_c.o(locale$$data)
    SystemCoreClock                          0x20000000   Data           4  system_stm32f1xx.o(.data)
    __stdout                                 0x20000008   Data           4  usart.o(.data)
    g_usart_rx_sta                           0x2000000c   Data           2  usart.o(.data)
    g_rx_buffer                              0x2000000e   Data           1  usart.o(.data)
    uwTick                                   0x20000010   Data           4  stm32f1xx_hal.o(.data)
    uwTickPrio                               0x20000014   Data           4  stm32f1xx_hal.o(.data)
    uwTickFreq                               0x20000018   Data           1  stm32f1xx_hal.o(.data)
    g_point_color                            0x2000001c   Data           4  lcd.o(.data)
    g_back_color                             0x20000020   Data           4  lcd.o(.data)
    g_adc_dma_sta                            0x20000024   Data           1  adc.o(.data)
    mallco_dev                               0x20000028   Data          28  malloc_1.o(.data)
    pxCurrentTCB                             0x20000044   Data           4  tasks.o(.data)
    uxTopUsedPriority                        0x2000007c   Data           4  tasks.o(.data)
    g_usart_rx_buf                           0x20000084   Data         200  usart.o(.bss)
    huart1                                   0x2000014c   Data          64  usart.o(.bss)
    g_sram_handle                            0x2000018c   Data          72  lcd.o(.bss)
    lcddev                                   0x200001d4   Data          14  lcd.o(.bss)
    g_timx_handle                            0x200001e4   Data          72  btim.o(.bss)
    USART2_RX_BUF                            0x2000022c   Data         600  atk_mw8266d_uart.o(.bss)
    USART2_TX_BUF                            0x20000484   Data         600  atk_mw8266d_uart.o(.bss)
    huart2                                   0x200006dc   Data          64  atk_mw8266d_uart.o(.bss)
    __libspace_start                         0x20008e64   Data          96  libspace.o(.bss)
    __temporary_stack_top$libspace           0x20008ec4   Data           0  libspace.o(.bss)



==============================================================================

Memory Map of the image

  Image Entry point : 0x08000131

  Load Region LR_IROM1 (Base: 0x08000000, Size: 0x0000af08, Max: 0x00080000, ABSOLUTE)

    Execution Region ER_IROM1 (Exec base: 0x08000000, Load base: 0x08000000, Size: 0x0000ae84, Max: 0x00080000, ABSOLUTE)

    Exec Addr    Load Addr    Size         Type   Attr      Idx    E Section Name        Object

    0x08000000   0x08000000   0x00000130   Data   RO            3    RESET               startup_stm32f103xe.o
    0x08000130   0x08000130   0x00000008   Code   RO         6342  * !!!main             c_w.l(__main.o)
    0x08000138   0x08000138   0x00000034   Code   RO         6697    !!!scatter          c_w.l(__scatter.o)
    0x0800016c   0x0800016c   0x0000001a   Code   RO         6699    !!handler_copy      c_w.l(__scatter_copy.o)
    0x08000186   0x08000186   0x00000002   PAD
    0x08000188   0x08000188   0x0000001c   Code   RO         6701    !!handler_zi        c_w.l(__scatter_zi.o)
    0x080001a4   0x080001a4   0x00000000   Code   RO         6317    .ARM.Collect$$_printf_percent$$00000000  c_w.l(_printf_percent.o)
    0x080001a4   0x080001a4   0x00000006   Code   RO         6437    .ARM.Collect$$_printf_percent$$00000001  c_w.l(_printf_n.o)
    0x080001aa   0x080001aa   0x00000006   Code   RO         6438    .ARM.Collect$$_printf_percent$$00000002  c_w.l(_printf_p.o)
    0x080001b0   0x080001b0   0x00000006   Code   RO         6441    .ARM.Collect$$_printf_percent$$00000003  c_w.l(_printf_f.o)
    0x080001b6   0x080001b6   0x00000006   Code   RO         6442    .ARM.Collect$$_printf_percent$$00000004  c_w.l(_printf_e.o)
    0x080001bc   0x080001bc   0x00000006   Code   RO         6443    .ARM.Collect$$_printf_percent$$00000005  c_w.l(_printf_g.o)
    0x080001c2   0x080001c2   0x00000006   Code   RO         6444    .ARM.Collect$$_printf_percent$$00000006  c_w.l(_printf_a.o)
    0x080001c8   0x080001c8   0x0000000a   Code   RO         6449    .ARM.Collect$$_printf_percent$$00000007  c_w.l(_printf_ll.o)
    0x080001d2   0x080001d2   0x00000006   Code   RO         6440    .ARM.Collect$$_printf_percent$$00000008  c_w.l(_printf_i.o)
    0x080001d8   0x080001d8   0x00000006   Code   RO         6315    .ARM.Collect$$_printf_percent$$00000009  c_w.l(_printf_d.o)
    0x080001de   0x080001de   0x00000006   Code   RO         6316    .ARM.Collect$$_printf_percent$$0000000A  c_w.l(_printf_u.o)
    0x080001e4   0x080001e4   0x00000006   Code   RO         6439    .ARM.Collect$$_printf_percent$$0000000B  c_w.l(_printf_o.o)
    0x080001ea   0x080001ea   0x00000006   Code   RO         6314    .ARM.Collect$$_printf_percent$$0000000C  c_w.l(_printf_x.o)
    0x080001f0   0x080001f0   0x00000006   Code   RO         6446    .ARM.Collect$$_printf_percent$$0000000D  c_w.l(_printf_lli.o)
    0x080001f6   0x080001f6   0x00000006   Code   RO         6447    .ARM.Collect$$_printf_percent$$0000000E  c_w.l(_printf_lld.o)
    0x080001fc   0x080001fc   0x00000006   Code   RO         6448    .ARM.Collect$$_printf_percent$$0000000F  c_w.l(_printf_llu.o)
    0x08000202   0x08000202   0x00000006   Code   RO         6453    .ARM.Collect$$_printf_percent$$00000010  c_w.l(_printf_llo.o)
    0x08000208   0x08000208   0x00000006   Code   RO         6454    .ARM.Collect$$_printf_percent$$00000011  c_w.l(_printf_llx.o)
    0x0800020e   0x0800020e   0x0000000a   Code   RO         6450    .ARM.Collect$$_printf_percent$$00000012  c_w.l(_printf_l.o)
    0x08000218   0x08000218   0x00000006   Code   RO         6312    .ARM.Collect$$_printf_percent$$00000013  c_w.l(_printf_c.o)
    0x0800021e   0x0800021e   0x00000006   Code   RO         6313    .ARM.Collect$$_printf_percent$$00000014  c_w.l(_printf_s.o)
    0x08000224   0x08000224   0x00000006   Code   RO         6451    .ARM.Collect$$_printf_percent$$00000015  c_w.l(_printf_lc.o)
    0x0800022a   0x0800022a   0x00000006   Code   RO         6452    .ARM.Collect$$_printf_percent$$00000016  c_w.l(_printf_ls.o)
    0x08000230   0x08000230   0x00000004   Code   RO         6445    .ARM.Collect$$_printf_percent$$00000017  c_w.l(_printf_percent_end.o)
    0x08000234   0x08000234   0x00000002   Code   RO         6631    .ARM.Collect$$libinit$$00000000  c_w.l(libinit.o)
    0x08000236   0x08000236   0x00000000   Code   RO         6458    .ARM.Collect$$libinit$$00000002  c_w.l(libinit2.o)
    0x08000236   0x08000236   0x00000000   Code   RO         6460    .ARM.Collect$$libinit$$00000004  c_w.l(libinit2.o)
    0x08000236   0x08000236   0x00000000   Code   RO         6463    .ARM.Collect$$libinit$$0000000A  c_w.l(libinit2.o)
    0x08000236   0x08000236   0x00000000   Code   RO         6465    .ARM.Collect$$libinit$$0000000C  c_w.l(libinit2.o)
    0x08000236   0x08000236   0x00000000   Code   RO         6467    .ARM.Collect$$libinit$$0000000E  c_w.l(libinit2.o)
    0x08000236   0x08000236   0x00000006   Code   RO         6468    .ARM.Collect$$libinit$$0000000F  c_w.l(libinit2.o)
    0x0800023c   0x0800023c   0x00000000   Code   RO         6470    .ARM.Collect$$libinit$$00000011  c_w.l(libinit2.o)
    0x0800023c   0x0800023c   0x0000000c   Code   RO         6471    .ARM.Collect$$libinit$$00000012  c_w.l(libinit2.o)
    0x08000248   0x08000248   0x00000000   Code   RO         6472    .ARM.Collect$$libinit$$00000013  c_w.l(libinit2.o)
    0x08000248   0x08000248   0x00000000   Code   RO         6474    .ARM.Collect$$libinit$$00000015  c_w.l(libinit2.o)
    0x08000248   0x08000248   0x0000000a   Code   RO         6475    .ARM.Collect$$libinit$$00000016  c_w.l(libinit2.o)
    0x08000252   0x08000252   0x00000000   Code   RO         6476    .ARM.Collect$$libinit$$00000017  c_w.l(libinit2.o)
    0x08000252   0x08000252   0x00000000   Code   RO         6478    .ARM.Collect$$libinit$$00000019  c_w.l(libinit2.o)
    0x08000252   0x08000252   0x00000000   Code   RO         6480    .ARM.Collect$$libinit$$0000001B  c_w.l(libinit2.o)
    0x08000252   0x08000252   0x00000000   Code   RO         6482    .ARM.Collect$$libinit$$0000001D  c_w.l(libinit2.o)
    0x08000252   0x08000252   0x00000000   Code   RO         6484    .ARM.Collect$$libinit$$0000001F  c_w.l(libinit2.o)
    0x08000252   0x08000252   0x00000000   Code   RO         6486    .ARM.Collect$$libinit$$00000021  c_w.l(libinit2.o)
    0x08000252   0x08000252   0x00000000   Code   RO         6488    .ARM.Collect$$libinit$$00000023  c_w.l(libinit2.o)
    0x08000252   0x08000252   0x00000000   Code   RO         6490    .ARM.Collect$$libinit$$00000025  c_w.l(libinit2.o)
    0x08000252   0x08000252   0x00000000   Code   RO         6494    .ARM.Collect$$libinit$$0000002C  c_w.l(libinit2.o)
    0x08000252   0x08000252   0x00000000   Code   RO         6496    .ARM.Collect$$libinit$$0000002E  c_w.l(libinit2.o)
    0x08000252   0x08000252   0x00000000   Code   RO         6498    .ARM.Collect$$libinit$$00000030  c_w.l(libinit2.o)
    0x08000252   0x08000252   0x00000000   Code   RO         6500    .ARM.Collect$$libinit$$00000032  c_w.l(libinit2.o)
    0x08000252   0x08000252   0x00000002   Code   RO         6501    .ARM.Collect$$libinit$$00000033  c_w.l(libinit2.o)
    0x08000254   0x08000254   0x00000002   Code   RO         6694    .ARM.Collect$$libshutdown$$00000000  c_w.l(libshutdown.o)
    0x08000256   0x08000256   0x00000000   Code   RO         6652    .ARM.Collect$$libshutdown$$00000002  c_w.l(libshutdown2.o)
    0x08000256   0x08000256   0x00000000   Code   RO         6654    .ARM.Collect$$libshutdown$$00000004  c_w.l(libshutdown2.o)
    0x08000256   0x08000256   0x00000000   Code   RO         6657    .ARM.Collect$$libshutdown$$00000007  c_w.l(libshutdown2.o)
    0x08000256   0x08000256   0x00000000   Code   RO         6660    .ARM.Collect$$libshutdown$$0000000A  c_w.l(libshutdown2.o)
    0x08000256   0x08000256   0x00000000   Code   RO         6662    .ARM.Collect$$libshutdown$$0000000C  c_w.l(libshutdown2.o)
    0x08000256   0x08000256   0x00000000   Code   RO         6665    .ARM.Collect$$libshutdown$$0000000F  c_w.l(libshutdown2.o)
    0x08000256   0x08000256   0x00000002   Code   RO         6666    .ARM.Collect$$libshutdown$$00000010  c_w.l(libshutdown2.o)
    0x08000258   0x08000258   0x00000000   Code   RO         6382    .ARM.Collect$$rtentry$$00000000  c_w.l(__rtentry.o)
    0x08000258   0x08000258   0x00000000   Code   RO         6523    .ARM.Collect$$rtentry$$00000002  c_w.l(__rtentry2.o)
    0x08000258   0x08000258   0x00000006   Code   RO         6535    .ARM.Collect$$rtentry$$00000004  c_w.l(__rtentry4.o)
    0x0800025e   0x0800025e   0x00000000   Code   RO         6525    .ARM.Collect$$rtentry$$00000009  c_w.l(__rtentry2.o)
    0x0800025e   0x0800025e   0x00000004   Code   RO         6526    .ARM.Collect$$rtentry$$0000000A  c_w.l(__rtentry2.o)
    0x08000262   0x08000262   0x00000000   Code   RO         6528    .ARM.Collect$$rtentry$$0000000C  c_w.l(__rtentry2.o)
    0x08000262   0x08000262   0x00000008   Code   RO         6529    .ARM.Collect$$rtentry$$0000000D  c_w.l(__rtentry2.o)
    0x0800026a   0x0800026a   0x00000002   Code   RO         6636    .ARM.Collect$$rtexit$$00000000  c_w.l(rtexit.o)
    0x0800026c   0x0800026c   0x00000000   Code   RO         6668    .ARM.Collect$$rtexit$$00000002  c_w.l(rtexit2.o)
    0x0800026c   0x0800026c   0x00000004   Code   RO         6669    .ARM.Collect$$rtexit$$00000003  c_w.l(rtexit2.o)
    0x08000270   0x08000270   0x00000006   Code   RO         6670    .ARM.Collect$$rtexit$$00000004  c_w.l(rtexit2.o)
    0x08000276   0x08000276   0x00000002   PAD
    0x08000278   0x08000278   0x00000096   Code   RO         6101    .emb_text           port.o
    0x0800030e   0x0800030e   0x00000002   PAD
    0x08000310   0x08000310   0x00000040   Code   RO            4    .text               startup_stm32f103xe.o
    0x08000350   0x08000350   0x00000002   Code   RO         6189    .text               c_w.l(use_no_semi_2.o)
    0x08000352   0x08000352   0x00000002   PAD
    0x08000354   0x08000354   0x00000034   Code   RO         6255    .text               c_w.l(vsnprintf.o)
    0x08000388   0x08000388   0x00000018   Code   RO         6257    .text               c_w.l(__2printf.o)
    0x080003a0   0x080003a0   0x0000002c   Code   RO         6259    .text               c_w.l(__2sprintf.o)
    0x080003cc   0x080003cc   0x00000052   Code   RO         6267    .text               c_w.l(_printf_str.o)
    0x0800041e   0x0800041e   0x00000002   PAD
    0x08000420   0x08000420   0x00000078   Code   RO         6269    .text               c_w.l(_printf_dec.o)
    0x08000498   0x08000498   0x00000094   Code   RO         6289    .text               c_w.l(_printf_hex_int_ll_ptr.o)
    0x0800052c   0x0800052c   0x00000188   Code   RO         6309    .text               c_w.l(__printf_flags_ss_wp.o)
    0x080006b4   0x080006b4   0x00000024   Code   RO         6322    .text               c_w.l(strstr.o)
    0x080006d8   0x080006d8   0x00000064   Code   RO         6330    .text               c_w.l(rt_memcpy_w.o)
    0x0800073c   0x0800073c   0x00000006   Code   RO         6340    .text               c_w.l(heapauxi.o)
    0x08000742   0x08000742   0x00000002   Code   RO         6378    .text               c_w.l(use_no_semi.o)
    0x08000744   0x08000744   0x0000004e   Code   RO         6408    .text               c_w.l(_printf_pad.o)
    0x08000792   0x08000792   0x00000024   Code   RO         6410    .text               c_w.l(_printf_truncate.o)
    0x080007b6   0x080007b6   0x000000b2   Code   RO         6412    .text               c_w.l(_printf_intcommon.o)
    0x08000868   0x08000868   0x00000028   Code   RO         6414    .text               c_w.l(_printf_charcount.o)
    0x08000890   0x08000890   0x00000030   Code   RO         6416    .text               c_w.l(_printf_char_common.o)
    0x080008c0   0x080008c0   0x0000000a   Code   RO         6418    .text               c_w.l(_sputc.o)
    0x080008ca   0x080008ca   0x00000010   Code   RO         6420    .text               c_w.l(_snputc.o)
    0x080008da   0x080008da   0x0000002c   Code   RO         6422    .text               c_w.l(_printf_char.o)
    0x08000906   0x08000906   0x00000002   PAD
    0x08000908   0x08000908   0x00000024   Code   RO         6424    .text               c_w.l(_printf_char_file.o)
    0x0800092c   0x0800092c   0x000000bc   Code   RO         6426    .text               c_w.l(_printf_wctomb.o)
    0x080009e8   0x080009e8   0x0000007c   Code   RO         6429    .text               c_w.l(_printf_longlong_dec.o)
    0x08000a64   0x08000a64   0x00000070   Code   RO         6435    .text               c_w.l(_printf_oct_int_ll.o)
    0x08000ad4   0x08000ad4   0x00000008   Code   RO         6519    .text               c_w.l(libspace.o)
    0x08000adc   0x08000adc   0x0000008a   Code   RO         6545    .text               c_w.l(lludiv10.o)
    0x08000b66   0x08000b66   0x0000041e   Code   RO         6547    .text               c_w.l(_printf_fp_dec.o)
    0x08000f84   0x08000f84   0x000002fc   Code   RO         6549    .text               c_w.l(_printf_fp_hex.o)
    0x08001280   0x08001280   0x0000002c   Code   RO         6554    .text               c_w.l(_printf_wchar.o)
    0x080012ac   0x080012ac   0x00000008   Code   RO         6556    .text               c_w.l(ferror.o)
    0x080012b4   0x080012b4   0x00000040   Code   RO         6560    .text               c_w.l(_wcrtomb.o)
    0x080012f4   0x080012f4   0x0000004a   Code   RO         6573    .text               c_w.l(sys_stackheap_outer.o)
    0x0800133e   0x0800133e   0x00000002   PAD
    0x08001340   0x08001340   0x00000010   Code   RO         6575    .text               c_w.l(rt_ctype_table.o)
    0x08001350   0x08001350   0x00000008   Code   RO         6582    .text               c_w.l(rt_locale_intlibspace.o)
    0x08001358   0x08001358   0x00000080   Code   RO         6586    .text               c_w.l(_printf_fp_infnan.o)
    0x080013d8   0x080013d8   0x000000e4   Code   RO         6588    .text               c_w.l(bigflt0.o)
    0x080014bc   0x080014bc   0x00000012   Code   RO         6616    .text               c_w.l(exit.o)
    0x080014ce   0x080014ce   0x00000002   PAD
    0x080014d0   0x080014d0   0x00000080   Code   RO         6649    .text               c_w.l(strcmpv7m.o)
    0x08001550   0x08001550   0x0000003e   Code   RO         6591    CL$$btod_d2e        c_w.l(btod.o)
    0x0800158e   0x0800158e   0x00000046   Code   RO         6593    CL$$btod_d2e_denorm_low  c_w.l(btod.o)
    0x080015d4   0x080015d4   0x00000060   Code   RO         6592    CL$$btod_d2e_norm_op1  c_w.l(btod.o)
    0x08001634   0x08001634   0x00000338   Code   RO         6601    CL$$btod_div_common  c_w.l(btod.o)
    0x0800196c   0x0800196c   0x000000dc   Code   RO         6598    CL$$btod_e2e        c_w.l(btod.o)
    0x08001a48   0x08001a48   0x0000002a   Code   RO         6595    CL$$btod_ediv       c_w.l(btod.o)
    0x08001a72   0x08001a72   0x0000002a   Code   RO         6594    CL$$btod_emul       c_w.l(btod.o)
    0x08001a9c   0x08001a9c   0x00000244   Code   RO         6600    CL$$btod_mult_common  c_w.l(btod.o)
    0x08001ce0   0x08001ce0   0x00000004   Code   RO          351    i.BusFault_Handler  stm32f1xx_it.o
    0x08001ce4   0x08001ce4   0x0000002c   Code   RO         4160    i.DMA1_Channel1_IRQHandler  adc.o
    0x08001d10   0x08001d10   0x00000002   Code   RO          352    i.DebugMon_Handler  stm32f1xx_it.o
    0x08001d12   0x08001d12   0x00000002   PAD
    0x08001d14   0x08001d14   0x00000044   Code   RO         2358    i.FSMC_NORSRAM_Extended_Timing_Init  stm32f1xx_ll_fsmc.o
    0x08001d58   0x08001d58   0x00000078   Code   RO         2359    i.FSMC_NORSRAM_Init  stm32f1xx_ll_fsmc.o
    0x08001dd0   0x08001dd0   0x00000042   Code   RO         2360    i.FSMC_NORSRAM_Timing_Init  stm32f1xx_ll_fsmc.o
    0x08001e12   0x08001e12   0x00000002   PAD
    0x08001e14   0x08001e14   0x000001a8   Code   RO         1155    i.HAL_DMA_Abort_IT  stm32f1xx_hal_dma.o
    0x08001fbc   0x08001fbc   0x00000340   Code   RO         1251    i.HAL_GPIO_Init     stm32f1xx_hal_gpio.o
    0x080022fc   0x080022fc   0x00000014   Code   RO         1254    i.HAL_GPIO_TogglePin  stm32f1xx_hal_gpio.o
    0x08002310   0x08002310   0x0000000c   Code   RO         1255    i.HAL_GPIO_WritePin  stm32f1xx_hal_gpio.o
    0x0800231c   0x0800231c   0x0000000c   Code   RO          868    i.HAL_GetTick       stm32f1xx_hal.o
    0x08002328   0x08002328   0x00000018   Code   RO          874    i.HAL_IncTick       stm32f1xx_hal.o
    0x08002340   0x08002340   0x00000028   Code   RO          875    i.HAL_Init          stm32f1xx_hal.o
    0x08002368   0x08002368   0x0000004c   Code   RO          876    i.HAL_InitTick      stm32f1xx_hal.o
    0x080023b4   0x080023b4   0x00000002   Code   RO          878    i.HAL_MspInit       stm32f1xx_hal.o
    0x080023b6   0x080023b6   0x00000020   Code   RO         1033    i.HAL_NVIC_EnableIRQ  stm32f1xx_hal_cortex.o
    0x080023d6   0x080023d6   0x0000007c   Code   RO         1039    i.HAL_NVIC_SetPriority  stm32f1xx_hal_cortex.o
    0x08002452   0x08002452   0x00000002   PAD
    0x08002454   0x08002454   0x00000028   Code   RO         1040    i.HAL_NVIC_SetPriorityGrouping  stm32f1xx_hal_cortex.o
    0x0800247c   0x0800247c   0x0000018c   Code   RO         1476    i.HAL_RCC_ClockConfig  stm32f1xx_hal_rcc.o
    0x08002608   0x08002608   0x0000000c   Code   RO         1481    i.HAL_RCC_GetHCLKFreq  stm32f1xx_hal_rcc.o
    0x08002614   0x08002614   0x00000020   Code   RO         1483    i.HAL_RCC_GetPCLK1Freq  stm32f1xx_hal_rcc.o
    0x08002634   0x08002634   0x00000020   Code   RO         1484    i.HAL_RCC_GetPCLK2Freq  stm32f1xx_hal_rcc.o
    0x08002654   0x08002654   0x00000094   Code   RO         1485    i.HAL_RCC_GetSysClockFreq  stm32f1xx_hal_rcc.o
    0x080026e8   0x080026e8   0x00000464   Code   RO         1488    i.HAL_RCC_OscConfig  stm32f1xx_hal_rcc.o
    0x08002b4c   0x08002b4c   0x00000066   Code   RO         2219    i.HAL_SRAM_Init     stm32f1xx_hal_sram.o
    0x08002bb2   0x08002bb2   0x00000002   PAD
    0x08002bb4   0x08002bb4   0x00000090   Code   RO         3760    i.HAL_SRAM_MspInit  lcd.o
    0x08002c44   0x08002c44   0x00000028   Code   RO         1042    i.HAL_SYSTICK_CLKSourceConfig  stm32f1xx_hal_cortex.o
    0x08002c6c   0x08002c6c   0x00000034   Code   RO         1044    i.HAL_SYSTICK_Config  stm32f1xx_hal_cortex.o
    0x08002ca0   0x08002ca0   0x00000002   Code   RO         3193    i.HAL_TIMEx_BreakCallback  stm32f1xx_hal_tim_ex.o
    0x08002ca2   0x08002ca2   0x00000002   Code   RO         3194    i.HAL_TIMEx_CommutCallback  stm32f1xx_hal_tim_ex.o
    0x08002ca4   0x08002ca4   0x00000002   Code   RO         2512    i.HAL_TIM_IC_CaptureCallback  stm32f1xx_hal_tim.o
    0x08002ca6   0x08002ca6   0x00000196   Code   RO         2526    i.HAL_TIM_IRQHandler  stm32f1xx_hal_tim.o
    0x08002e3c   0x08002e3c   0x00000002   Code   RO         2529    i.HAL_TIM_OC_DelayElapsedCallback  stm32f1xx_hal_tim.o
    0x08002e3e   0x08002e3e   0x00000002   Code   RO         2556    i.HAL_TIM_PWM_PulseFinishedCallback  stm32f1xx_hal_tim.o
    0x08002e40   0x08002e40   0x00000020   Code   RO         4042    i.HAL_TIM_PeriodElapsedCallback  btim.o
    0x08002e60   0x08002e60   0x00000002   Code   RO         2569    i.HAL_TIM_TriggerCallback  stm32f1xx_hal_tim.o
    0x08002e62   0x08002e62   0x00000002   Code   RO         1639    i.HAL_UART_ErrorCallback  stm32f1xx_hal_uart.o
    0x08002e64   0x08002e64   0x00000154   Code   RO         1642    i.HAL_UART_IRQHandler  stm32f1xx_hal_uart.o
    0x08002fb8   0x08002fb8   0x00000072   Code   RO         1643    i.HAL_UART_Init     stm32f1xx_hal_uart.o
    0x0800302a   0x0800302a   0x00000002   PAD
    0x0800302c   0x0800302c   0x00000174   Code   RO          765    i.HAL_UART_MspInit  usart.o
    0x080031a0   0x080031a0   0x000000d8   Code   RO         1646    i.HAL_UART_Receive  stm32f1xx_hal_uart.o
    0x08003278   0x08003278   0x00000070   Code   RO         1648    i.HAL_UART_Receive_IT  stm32f1xx_hal_uart.o
    0x080032e8   0x080032e8   0x00000088   Code   RO          766    i.HAL_UART_RxCpltCallback  usart.o
    0x08003370   0x08003370   0x000000d2   Code   RO         1651    i.HAL_UART_Transmit  stm32f1xx_hal_uart.o
    0x08003442   0x08003442   0x00000002   Code   RO         1654    i.HAL_UART_TxCpltCallback  stm32f1xx_hal_uart.o
    0x08003444   0x08003444   0x00000004   Code   RO          353    i.HardFault_Handler  stm32f1xx_it.o
    0x08003448   0x08003448   0x00000004   Code   RO          354    i.MemManage_Handler  stm32f1xx_it.o
    0x0800344c   0x0800344c   0x00000002   Code   RO          355    i.NMI_Handler       stm32f1xx_it.o
    0x0800344e   0x0800344e   0x00000002   PAD
    0x08003450   0x08003450   0x00000028   Code   RO         1489    i.RCC_Delay         stm32f1xx_hal_rcc.o
    0x08003478   0x08003478   0x00000014   Code   RO          648    i.SysTick_Handler   delay.o
    0x0800348c   0x0800348c   0x00000002   Code   RO          315    i.SystemInit        system_stm32f1xx.o
    0x0800348e   0x0800348e   0x00000002   PAD
    0x08003490   0x08003490   0x00000010   Code   RO         4043    i.TIM6_IRQHandler   btim.o
    0x080034a0   0x080034a0   0x00000014   Code   RO         1656    i.UART_DMAAbortOnError  stm32f1xx_hal_uart.o
    0x080034b4   0x080034b4   0x00000020   Code   RO         1666    i.UART_EndRxTransfer  stm32f1xx_hal_uart.o
    0x080034d4   0x080034d4   0x00000020   Code   RO         1667    i.UART_EndTransmit_IT  stm32f1xx_hal_uart.o
    0x080034f4   0x080034f4   0x000000a0   Code   RO         1669    i.UART_Receive_IT   stm32f1xx_hal_uart.o
    0x08003594   0x08003594   0x000000fc   Code   RO         1670    i.UART_SetConfig    stm32f1xx_hal_uart.o
    0x08003690   0x08003690   0x00000060   Code   RO         1671    i.UART_Transmit_IT  stm32f1xx_hal_uart.o
    0x080036f0   0x080036f0   0x0000006c   Code   RO         1672    i.UART_WaitOnFlagUntilTimeout  stm32f1xx_hal_uart.o
    0x0800375c   0x0800375c   0x00000010   Code   RO          767    i.USART1_IRQHandler  usart.o
    0x0800376c   0x0800376c   0x00000108   Code   RO         4476    i.USART2_IRQHandler  atk_mw8266d_uart.o
    0x08003874   0x08003874   0x00000004   Code   RO          356    i.UsageFault_Handler  stm32f1xx_it.o
    0x08003878   0x08003878   0x00000050   Code   RO          768    i.UsartPrintf       usart.o
    0x080038c8   0x080038c8   0x00000030   Code   RO          610    i.WEATHER_show_ip   demo.o
    0x080038f8   0x080038f8   0x00000028   Code   RO         6634    i.__ARM_fpclassify  m_ws.l(fpclassify.o)
    0x08003920   0x08003920   0x00000010   Code   RO         1046    i.__NVIC_GetPriorityGrouping  stm32f1xx_hal_cortex.o
    0x08003930   0x08003930   0x00000028   Code   RO         1047    i.__NVIC_SetPriority  stm32f1xx_hal_cortex.o
    0x08003958   0x08003958   0x0000000e   Code   RO         6302    i._is_digit         c_w.l(__printf_wp.o)
    0x08003966   0x08003966   0x00000004   Code   RO          770    i._sys_exit         usart.o
    0x0800396a   0x0800396a   0x00000002   PAD
    0x0800396c   0x0800396c   0x00000030   Code   RO         4372    i.atk_mw8266d_at_test  atk_mw8266d.o
    0x0800399c   0x0800399c   0x00000050   Code   RO         4373    i.atk_mw8266d_ate_config  atk_mw8266d.o
    0x080039ec   0x080039ec   0x00000054   Code   RO         4374    i.atk_mw8266d_connect_tcp_server  atk_mw8266d.o
    0x08003a40   0x08003a40   0x00000060   Code   RO         4377    i.atk_mw8266d_get_ip  atk_mw8266d.o
    0x08003aa0   0x08003aa0   0x00000048   Code   RO         4378    i.atk_mw8266d_hw_init  atk_mw8266d.o
    0x08003ae8   0x08003ae8   0x00000034   Code   RO         4379    i.atk_mw8266d_hw_reset  atk_mw8266d.o
    0x08003b1c   0x08003b1c   0x00000020   Code   RO         4380    i.atk_mw8266d_init  atk_mw8266d.o
    0x08003b3c   0x08003b3c   0x00000050   Code   RO         4381    i.atk_mw8266d_join_ap  atk_mw8266d.o
    0x08003b8c   0x08003b8c   0x00000030   Code   RO         4382    i.atk_mw8266d_restore  atk_mw8266d.o
    0x08003bbc   0x08003bbc   0x000000ac   Code   RO         4383    i.atk_mw8266d_send_at_cmd  atk_mw8266d.o
    0x08003c68   0x08003c68   0x0000007c   Code   RO         4384    i.atk_mw8266d_set_mode  atk_mw8266d.o
    0x08003ce4   0x08003ce4   0x00000028   Code   RO         4385    i.atk_mw8266d_sw_reset  atk_mw8266d.o
    0x08003d0c   0x08003d0c   0x00000030   Code   RO         4477    i.atk_mw8266d_uart_init  atk_mw8266d_uart.o
    0x08003d3c   0x08003d3c   0x0000002c   Code   RO         4479    i.atk_mw8266d_uart_rx_get_frame  atk_mw8266d_uart.o
    0x08003d68   0x08003d68   0x00000024   Code   RO         4481    i.atk_mw8266d_uart_rx_restart  atk_mw8266d_uart.o
    0x08003d8c   0x08003d8c   0x00000050   Code   RO          649    i.delay_init        delay.o
    0x08003ddc   0x08003ddc   0x00000018   Code   RO          650    i.delay_ms          delay.o
    0x08003df4   0x08003df4   0x00000048   Code   RO          651    i.delay_us          delay.o
    0x08003e3c   0x08003e3c   0x00000164   Code   RO          611    i.demo_run          demo.o
    0x08003fa0   0x08003fa0   0x0000001c   Code   RO          772    i.fputc             usart.o
    0x08003fbc   0x08003fbc   0x000000b8   Code   RO         4011    i.key_init          key.o
    0x08004074   0x08004074   0x00000034   Code   RO         3761    i.lcd_clear         lcd.o
    0x080040a8   0x080040a8   0x0000016c   Code   RO         3763    i.lcd_display_dir   lcd.o
    0x08004214   0x08004214   0x00000020   Code   RO         3769    i.lcd_draw_point    lcd.o
    0x08004234   0x08004234   0x0000022c   Code   RO         3771    i.lcd_ex_ili9341_reginit  lcd.o
    0x08004460   0x08004460   0x00000340   Code   RO         3772    i.lcd_ex_ili9806_reginit  lcd.o
    0x080047a0   0x080047a0   0x00000ef2   Code   RO         3773    i.lcd_ex_nt35310_reginit  lcd.o
    0x08005692   0x08005692   0x00000efc   Code   RO         3774    i.lcd_ex_nt35510_reginit  lcd.o
    0x0800658e   0x0800658e   0x0000016e   Code   RO         3775    i.lcd_ex_ssd1963_reginit  lcd.o
    0x080066fc   0x080066fc   0x000001a8   Code   RO         3776    i.lcd_ex_st7789_reginit  lcd.o
    0x080068a4   0x080068a4   0x000001c6   Code   RO         3777    i.lcd_ex_st7796_reginit  lcd.o
    0x08006a6a   0x08006a6a   0x00000002   PAD
    0x08006a6c   0x08006a6c   0x00000468   Code   RO         3780    i.lcd_init          lcd.o
    0x08006ed4   0x08006ed4   0x0000000c   Code   RO         3781    i.lcd_opt_delay     lcd.o
    0x08006ee0   0x08006ee0   0x00000018   Code   RO         3783    i.lcd_rd_data       lcd.o
    0x08006ef8   0x08006ef8   0x0000023c   Code   RO         3785    i.lcd_scan_dir      lcd.o
    0x08007134   0x08007134   0x00000120   Code   RO         3786    i.lcd_set_cursor    lcd.o
    0x08007254   0x08007254   0x00000140   Code   RO         3788    i.lcd_show_char     lcd.o
    0x08007394   0x08007394   0x0000006a   Code   RO         3790    i.lcd_show_string   lcd.o
    0x080073fe   0x080073fe   0x00000002   PAD
    0x08007400   0x08007400   0x00000054   Code   RO         3792    i.lcd_ssd_backlight_set  lcd.o
    0x08007454   0x08007454   0x00000018   Code   RO         3793    i.lcd_wr_data       lcd.o
    0x0800746c   0x0800746c   0x00000018   Code   RO         3794    i.lcd_wr_regno      lcd.o
    0x08007484   0x08007484   0x00000014   Code   RO         3795    i.lcd_write_ram_prepare  lcd.o
    0x08007498   0x08007498   0x00000010   Code   RO         3796    i.lcd_write_reg     lcd.o
    0x080074a8   0x080074a8   0x00000090   Code   RO         3736    i.led_init          led.o
    0x08007538   0x08007538   0x0000003c   Code   RO           14    i.main              main.o
    0x08007574   0x08007574   0x00000030   Code   RO         4727    i.my_mem_init       malloc_1.o
    0x080075a4   0x080075a4   0x00000040   Code   RO         4729    i.my_mem_perused    malloc_1.o
    0x080075e4   0x080075e4   0x00000014   Code   RO         4730    i.my_mem_set        malloc_1.o
    0x080075f8   0x080075f8   0x00000030   Code   RO         5440    i.prvResetNextTaskUnblockTime  tasks.o
    0x08007628   0x08007628   0x00000056   Code   RO          698    i.sys_stm32_clock_init  sys.o
    0x0800767e   0x0800767e   0x00000002   PAD
    0x08007680   0x08007680   0x00000038   Code   RO          773    i.usart_init        usart.o
    0x080076b8   0x080076b8   0x000000b8   Code   RO         5475    i.vTaskSwitchContext  tasks.o
    0x08007770   0x08007770   0x00000034   Code   RO         6110    i.xPortSysTickHandler  port.o
    0x080077a4   0x080077a4   0x00000020   Code   RO         5488    i.xTaskGetSchedulerState  tasks.o
    0x080077c4   0x080077c4   0x000001e8   Code   RO         5491    i.xTaskIncrementTick  tasks.o
    0x080079ac   0x080079ac   0x0000002c   Code   RO         6614    locale$$code        c_w.l(lc_numeric_c.o)
    0x080079d8   0x080079d8   0x0000002c   Code   RO         6643    locale$$code        c_w.l(lc_ctype_c.o)
    0x08007a04   0x08007a04   0x0000005a   Code   RO         6346    x$fpl$dfixu         fz_ws.l(dfixu.o)
    0x08007a5e   0x08007a5e   0x00000026   Code   RO         6350    x$fpl$dfltu         fz_ws.l(dflt_clz.o)
    0x08007a84   0x08007a84   0x00000154   Code   RO         6356    x$fpl$dmul          fz_ws.l(dmul.o)
    0x08007bd8   0x08007bd8   0x0000009c   Code   RO         6502    x$fpl$dnaninf       fz_ws.l(dnaninf.o)
    0x08007c74   0x08007c74   0x0000000c   Code   RO         6504    x$fpl$dretinf       fz_ws.l(dretinf.o)
    0x08007c80   0x08007c80   0x00000004   Code   RO         6510    x$fpl$printf1       fz_ws.l(printf1.o)
    0x08007c84   0x08007c84   0x00000004   Code   RO         6512    x$fpl$printf2       fz_ws.l(printf2.o)
    0x08007c88   0x08007c88   0x00000000   Code   RO         6518    x$fpl$usenofp       fz_ws.l(usenofp.o)
    0x08007c88   0x08007c88   0x00000018   Data   RO          316    .constdata          system_stm32f1xx.o
    0x08007ca0   0x08007ca0   0x00002f80   Data   RO         3798    .constdata          lcd.o
    0x0800ac20   0x0800ac20   0x00000018   Data   RO         4737    .constdata          malloc_1.o
    0x0800ac38   0x0800ac38   0x00000028   Data   RO         6290    .constdata          c_w.l(_printf_hex_int_ll_ptr.o)
    0x0800ac60   0x0800ac60   0x00000011   Data   RO         6310    .constdata          c_w.l(__printf_flags_ss_wp.o)
    0x0800ac71   0x0800ac71   0x00000003   PAD
    0x0800ac74   0x0800ac74   0x00000008   Data   RO         6427    .constdata          c_w.l(_printf_wctomb.o)
    0x0800ac7c   0x0800ac7c   0x00000026   Data   RO         6550    .constdata          c_w.l(_printf_fp_hex.o)
    0x0800aca2   0x0800aca2   0x00000002   PAD
    0x0800aca4   0x0800aca4   0x00000094   Data   RO         6589    .constdata          c_w.l(bigflt0.o)
    0x0800ad38   0x0800ad38   0x00000020   Data   RO         6695    Region$$Table       anon$$obj.o
    0x0800ad58   0x0800ad58   0x0000001c   Data   RO         6613    locale$$data        c_w.l(lc_numeric_c.o)
    0x0800ad74   0x0800ad74   0x00000110   Data   RO         6642    locale$$data        c_w.l(lc_ctype_c.o)


    Execution Region RW_IRAM1 (Exec base: 0x20000000, Load base: 0x0800ae84, Size: 0x000094c8, Max: 0x00010000, ABSOLUTE)

    Exec Addr    Load Addr    Size         Type   Attr      Idx    E Section Name        Object

    0x20000000   0x0800ae84   0x00000004   Data   RW          317    .data               system_stm32f1xx.o
    0x20000004   0x0800ae88   0x00000002   Data   RW          652    .data               delay.o
    0x20000006   0x0800ae8a   0x00000002   PAD
    0x20000008   0x0800ae8c   0x00000007   Data   RW          775    .data               usart.o
    0x2000000f   0x0800ae93   0x00000001   PAD
    0x20000010   0x0800ae94   0x00000009   Data   RW          882    .data               stm32f1xx_hal.o
    0x20000019   0x0800ae9d   0x00000003   PAD
    0x2000001c   0x0800aea0   0x00000008   Data   RW         3799    .data               lcd.o
    0x20000024   0x0800aea8   0x00000001   Data   RW         4170    .data               adc.o
    0x20000025   0x0800aea9   0x00000003   PAD
    0x20000028   0x0800aeac   0x0000001c   Data   RW         4738    .data               malloc_1.o
    0x20000044   0x0800aec8   0x00000040   Data   RW         5498    .data               tasks.o
    0x20000084        -       0x00000108   Zero   RW          774    .bss                usart.o
    0x2000018c        -       0x00000056   Zero   RW         3797    .bss                lcd.o
    0x200001e2   0x0800af08   0x00000002   PAD
    0x200001e4        -       0x00000048   Zero   RW         4045    .bss                btim.o
    0x2000022c        -       0x000009a2   Zero   RW         4482    .bss                atk_mw8266d_uart.o
    0x20000bce   0x0800af08   0x00000032   PAD
    0x20000c00        -       0x00007f80   Zero   RW         4736    .bss                malloc_1.o
    0x20008b80        -       0x000002e4   Zero   RW         5497    .bss                tasks.o
    0x20008e64        -       0x00000060   Zero   RW         6520    .bss                c_w.l(libspace.o)
    0x20008ec4   0x0800af08   0x00000004   PAD
    0x20008ec8        -       0x00000200   Zero   RW            2    HEAP                startup_stm32f103xe.o
    0x200090c8        -       0x00000400   Zero   RW            1    STACK               startup_stm32f103xe.o



  Load Region LR$$.ARM.__AT_0x68000000 (Base: 0x68000000, Size: 0x00000000, Max: 0x00000020, ABSOLUTE)

    Execution Region ER$$.ARM.__AT_0x68000000 (Exec base: 0x68000000, Load base: 0x68000000, Size: 0x00000020, Max: 0x00000020, ABSOLUTE, UNINIT)

    Exec Addr    Load Addr    Size         Type   Attr      Idx    E Section Name        Object

    0x68000000        -       0x00000020   Zero   RW         4734    .ARM.__AT_0x68000000  malloc_1.o



  Load Region LR$$.ARM.__AT_0x68000020 (Base: 0x68000020, Size: 0x00000000, Max: 0x00000004, ABSOLUTE)

    Execution Region ER$$.ARM.__AT_0x68000020 (Exec base: 0x68000020, Load base: 0x68000020, Size: 0x00000004, Max: 0x00000004, ABSOLUTE, UNINIT)

    Exec Addr    Load Addr    Size         Type   Attr      Idx    E Section Name        Object

    0x68000020        -       0x00000002   Zero   RW         4735    .ARM.__AT_0x68000020  malloc_1.o


==============================================================================

Image component sizes


      Code (inc. data)   RO Data    RW Data    ZI Data      Debug   Object Name

        44         10          0          1          0       1378   adc.o
       928        226          0          0          0       8643   atk_mw8266d.o
       392         28          0          0       2466       3393   atk_mw8266d_uart.o
        48         14          0          0         72       1618   btim.o
       196         10          0          2          0       2461   delay.o
       404        162          0          0          0       1231   demo.o
       184         12          0          0          0       1011   key.o
     13504        172      12160          8         86      23971   lcd.o
       144         12          0          0          0        919   led.o
        60          0          0          0          0     513119   main.o
       132         18         24         28      32674       3415   malloc_1.o
       202         18          0          0          0       3862   port.o
        64         26        304          0       1536        936   startup_stm32f103xe.o
       154         32          0          9          0       6427   stm32f1xx_hal.o
       344         22          0          0          0      30081   stm32f1xx_hal_cortex.o
       424         10          0          0          0       1247   stm32f1xx_hal_dma.o
       864         40          0          0          0       3345   stm32f1xx_hal_gpio.o
      1784        110          0          0          0       6084   stm32f1xx_hal_rcc.o
       102          0          0          0          0       1216   stm32f1xx_hal_sram.o
       414          0          0          0          0       3558   stm32f1xx_hal_tim.o
         4          0          0          0          0       1549   stm32f1xx_hal_tim_ex.o
      1696         10          0          0          0      10762   stm32f1xx_hal_uart.o
        20          0          0          0          0       2617   stm32f1xx_it.o
       254         10          0          0          0       3871   stm32f1xx_ll_fsmc.o
        86          0          0          0          0        723   sys.o
         2          0         24          4          0       1355   system_stm32f1xx.o
       752        188          0         64        740      18876   tasks.o
       692         60          0          7        264       6955   usart.o

    ----------------------------------------------------------------------
     23918       1190      12544        132      37892     664623   Object Totals
         0          0         32          0          0          0   (incl. Generated)
        24          0          0          9         54          0   (incl. Padding)

    ----------------------------------------------------------------------

      Code (inc. data)   RO Data    RW Data    ZI Data      Debug   Library Member Name

        24          4          0          0          0         84   __2printf.o
        44          6          0          0          0         84   __2sprintf.o
         8          0          0          0          0         68   __main.o
       392          4         17          0          0         92   __printf_flags_ss_wp.o
        14          0          0          0          0         68   __printf_wp.o
         0          0          0          0          0          0   __rtentry.o
        12          0          0          0          0          0   __rtentry2.o
         6          0          0          0          0          0   __rtentry4.o
        52          8          0          0          0          0   __scatter.o
        26          0          0          0          0          0   __scatter_copy.o
        28          0          0          0          0          0   __scatter_zi.o
         6          0          0          0          0          0   _printf_a.o
         6          0          0          0          0          0   _printf_c.o
        44          0          0          0          0        108   _printf_char.o
        48          6          0          0          0         96   _printf_char_common.o
        36          4          0          0          0         80   _printf_char_file.o
        40          0          0          0          0         68   _printf_charcount.o
         6          0          0          0          0          0   _printf_d.o
       120         16          0          0          0         92   _printf_dec.o
         6          0          0          0          0          0   _printf_e.o
         6          0          0          0          0          0   _printf_f.o
      1054          0          0          0          0        216   _printf_fp_dec.o
       764          8         38          0          0        100   _printf_fp_hex.o
       128         16          0          0          0         84   _printf_fp_infnan.o
         6          0          0          0          0          0   _printf_g.o
       148          4         40          0          0        160   _printf_hex_int_ll_ptr.o
         6          0          0          0          0          0   _printf_i.o
       178          0          0          0          0         88   _printf_intcommon.o
        10          0          0          0          0          0   _printf_l.o
         6          0          0          0          0          0   _printf_lc.o
        10          0          0          0          0          0   _printf_ll.o
         6          0          0          0          0          0   _printf_lld.o
         6          0          0          0          0          0   _printf_lli.o
         6          0          0          0          0          0   _printf_llo.o
         6          0          0          0          0          0   _printf_llu.o
         6          0          0          0          0          0   _printf_llx.o
       124         16          0          0          0         92   _printf_longlong_dec.o
         6          0          0          0          0          0   _printf_ls.o
         6          0          0          0          0          0   _printf_n.o
         6          0          0          0          0          0   _printf_o.o
       112         10          0          0          0        124   _printf_oct_int_ll.o
         6          0          0          0          0          0   _printf_p.o
        78          0          0          0          0        108   _printf_pad.o
         0          0          0          0          0          0   _printf_percent.o
         4          0          0          0          0          0   _printf_percent_end.o
         6          0          0          0          0          0   _printf_s.o
        82          0          0          0          0         80   _printf_str.o
        36          0          0          0          0         84   _printf_truncate.o
         6          0          0          0          0          0   _printf_u.o
        44          0          0          0          0        108   _printf_wchar.o
       188          6          8          0          0         92   _printf_wctomb.o
         6          0          0          0          0          0   _printf_x.o
        16          0          0          0          0         68   _snputc.o
        10          0          0          0          0         68   _sputc.o
        64          0          0          0          0         92   _wcrtomb.o
       228          4        148          0          0         96   bigflt0.o
      1936        128          0          0          0        672   btod.o
        18          0          0          0          0         80   exit.o
         8          0          0          0          0         68   ferror.o
         6          0          0          0          0        152   heapauxi.o
        44         10        272          0          0         76   lc_ctype_c.o
        44         10         28          0          0         76   lc_numeric_c.o
         2          0          0          0          0          0   libinit.o
        30          0          0          0          0          0   libinit2.o
         2          0          0          0          0          0   libshutdown.o
         2          0          0          0          0          0   libshutdown2.o
         8          4          0          0         96         68   libspace.o
       138          0          0          0          0         80   lludiv10.o
        16          4          0          0          0         76   rt_ctype_table.o
         8          4          0          0          0         68   rt_locale_intlibspace.o
       100          0          0          0          0         80   rt_memcpy_w.o
         2          0          0          0          0          0   rtexit.o
        10          0          0          0          0          0   rtexit2.o
       128          0          0          0          0         68   strcmpv7m.o
        36          0          0          0          0         80   strstr.o
        74          0          0          0          0         80   sys_stackheap_outer.o
         2          0          0          0          0         68   use_no_semi.o
         2          0          0          0          0         68   use_no_semi_2.o
        52          4          0          0          0         80   vsnprintf.o
        90          4          0          0          0         92   dfixu.o
        38          0          0          0          0         68   dflt_clz.o
       340         12          0          0          0        104   dmul.o
       156          4          0          0          0         92   dnaninf.o
        12          0          0          0          0         68   dretinf.o
         4          0          0          0          0         68   printf1.o
         4          0          0          0          0         68   printf2.o
         0          0          0          0          0          0   usenofp.o
        40          0          0          0          0         68   fpclassify.o

    ----------------------------------------------------------------------
      7658        296        556          0        100       5068   Library Totals
        14          0          5          0          4          0   (incl. Padding)

    ----------------------------------------------------------------------

      Code (inc. data)   RO Data    RW Data    ZI Data      Debug   Library Name

      6960        276        551          0         96       4440   c_w.l
       644         20          0          0          0        560   fz_ws.l
        40          0          0          0          0         68   m_ws.l

    ----------------------------------------------------------------------
      7658        296        556          0        100       5068   Library Totals

    ----------------------------------------------------------------------

==============================================================================


      Code (inc. data)   RO Data    RW Data    ZI Data      Debug   

     31576       1486      13100        132      37992     660743   Grand Totals
     31576       1486      13100        132      37992     660743   ELF Image Totals
     31576       1486      13100        132          0          0   ROM Totals

==============================================================================

    Total RO  Size (Code + RO Data)                44676 (  43.63kB)
    Total RW  Size (RW Data + ZI Data)             38124 (  37.23kB)
    Total ROM Size (Code + RO Data + RW Data)      44808 (  43.76kB)

==============================================================================

